 addon

 Timestamp is 5e93f0e4 (Mon Apr 13 12:56:04 2020)

 Preferred load address is 0000000180000000

 Start         Length     Name                   Class
 0001:00000000 00025170H .text$mn                CODE
 0001:00025170 00000020H .text$mn$00             CODE
 0001:00025190 00000260H .text$x                 CODE
 0002:00000000 00000320H .idata$5                DATA
 0002:00000320 00000010H .00cfg                  DATA
 0002:00000330 00000008H .CRT$XCA                DATA
 0002:00000338 00000008H .CRT$XCU                DATA
 0002:00000340 00000008H .CRT$XCZ                DATA
 0002:00000348 00000008H .CRT$XIA                DATA
 0002:00000350 00000018H .CRT$XIC                DATA
 0002:00000368 00000008H .CRT$XIZ                DATA
 0002:00000370 00000008H .CRT$XPA                DATA
 0002:00000378 00000010H .CRT$XPX                DATA
 0002:00000388 00000008H .CRT$XPXA               DATA
 0002:00000390 00000008H .CRT$XPZ                DATA
 0002:00000398 00000008H .CRT$XTA                DATA
 0002:000003a0 00000010H .CRT$XTZ                DATA
 0002:000003b0 00007158H .rdata                  DATA
 0002:00007508 000002fcH .rdata$r                DATA
 0002:00007804 00000344H .rdata$zzzdbg           DATA
 0002:00007b48 00000008H .rtc$IAA                DATA
 0002:00007b50 00000008H .rtc$IZZ                DATA
 0002:00007b58 00000008H .rtc$TAA                DATA
 0002:00007b60 00000008H .rtc$TZZ                DATA
 0002:00007b68 00002c08H .xdata                  DATA
 0002:0000a770 00000180H .xdata$x                DATA
 0002:0000a8f0 00000050H .edata                  DATA
 0002:0000a940 00000028H .idata$2                DATA
 0002:0000a968 00000018H .idata$3                DATA
 0002:0000a980 00000320H .idata$4                DATA
 0002:0000aca0 00000d32H .idata$6                DATA
 0003:00000000 00000920H .data                   DATA
 0003:00000920 000000f0H .data$r                 DATA
 0003:00000a10 000011d0H .bss                    DATA
 0004:00000000 000025b0H .pdata                  DATA
 0005:00000000 00000080H .gfids$x                DATA
 0005:00000080 00000040H .gfids$y                DATA
 0006:00000000 00000060H .rsrc$01                DATA
 0006:00000060 00000180H .rsrc$02                DATA

  Address         Publics by Value              Rva+Base               Lib:Object

 0000:00000000       __guard_iat_count          0000000000000000     <absolute>
 0000:00000000       __dynamic_value_reloc_table 0000000000000000     <absolute>
 0000:00000000       __guard_longjmp_table      0000000000000000     <absolute>
 0000:00000000       __guard_iat_table          0000000000000000     <absolute>
 0000:00000000       __guard_longjmp_count      0000000000000000     <absolute>
 0000:00000000       __guard_fids_count         0000000000000000     <absolute>
 0000:00000000       ___safe_se_handler_table   0000000000000000     <absolute>
 0000:00000000       ___safe_se_handler_count   0000000000000000     <absolute>
 0000:00000000       __guard_fids_table         0000000000000000     <absolute>
 0000:00000100       __guard_flags              0000000000000100     <absolute>
 0000:00000000       __ImageBase                0000000180000000     <linker-defined>
 0001:000000d0       ?New@?$Factory@VFunctionTemplate@v8@@@imp@Nan@@SA?AV?$Local@VFunctionTemplate@v8@@@v8@@P6AXAEBV?$FunctionCallbackInfo@VValue@v8@@@3@@ZV?$Local@VValue@v8@@@5@V?$Local@VSignature@v8@@@5@@Z 00000001800010d0 f i addon.obj
 0001:00000250       ?InitAll@@YAXV?$Local@VObject@v8@@@v8@@@Z 0000000180001250 f   addon.obj
 0001:00000390       ?_Deallocate@std@@YAXPEAX_K1@Z 0000000180001390 f i minkowski.obj
 0001:00000400       ?convolve_two_segments@@YAXAEAV?$vector@V?$point_data@H@polygon@boost@@V?$allocator@V?$point_data@H@polygon@boost@@@std@@@std@@AEBU?$pair@V?$point_data@H@polygon@boost@@V123@@2@1@Z 0000000180001400 f   minkowski.obj
 0001:00000650       ?convolve_two_polygon_sets@@YAXAEAV?$polygon_set_data@H@polygon@boost@@AEBV123@1@Z 0000000180001650 f   minkowski.obj
 0001:000009a0       ?calculateNFP@@YAXAEBV?$FunctionCallbackInfo@VValue@v8@@@Nan@@@Z 00000001800019a0 f   minkowski.obj
 0001:00001e50       ??0?$list@V?$polygon_data@H@polygon@boost@@V?$allocator@V?$polygon_data@H@polygon@boost@@@std@@@std@@QEAA@AEBV01@@Z 0000000180002e50 f i minkowski.obj
 0001:00001ee0       ?_Reserve@?$vector@V?$point_data@H@polygon@boost@@V?$allocator@V?$point_data@H@polygon@boost@@@std@@@std@@IEAAX_K@Z 0000000180002ee0 f i minkowski.obj
 0001:00001f70       ?clear@?$list@V?$polygon_data@H@polygon@boost@@V?$allocator@V?$polygon_data@H@polygon@boost@@@std@@@std@@QEAAXXZ 0000000180002f70 f i minkowski.obj
 0001:00002070       ?deallocate@?$_Wrap_alloc@V?$allocator@V?$polygon_with_holes_data@H@polygon@boost@@@std@@@std@@QEAAXPEAV?$polygon_with_holes_data@H@polygon@boost@@_K@Z 0000000180003070 f i minkowski.obj
 0001:00002070       ?deallocate@?$_Wrap_alloc@V?$allocator@U?$pair@U?$pair@V?$point_data@H@polygon@boost@@V123@@std@@V?$vector@U?$pair@HH@std@@V?$allocator@U?$pair@HH@std@@@2@@2@@std@@@std@@@std@@QEAAXPEAU?$pair@U?$pair@V?$point_data@H@polygon@boost@@V123@@std@@V?$vector@U?$pair@HH@std@@V?$allocator@U?$pair@HH@std@@@2@@2@@2@_K@Z 0000000180003070 f i minkowski.obj
 0001:000020e0       ?deallocate@?$_Wrap_alloc@V?$allocator@V?$_Tree_iterator@V?$_Tree_val@U?$_Tree_simple_types@U?$pair@$$CBU?$pair@V?$point_data@H@polygon@boost@@V123@@std@@V?$vector@U?$pair@HH@std@@V?$allocator@U?$pair@HH@std@@@2@@2@@std@@@std@@@std@@@std@@@std@@@std@@QEAAXPEAV?$_Tree_iterator@V?$_Tree_val@U?$_Tree_simple_types@U?$pair@$$CBU?$pair@V?$point_data@H@polygon@boost@@V123@@std@@V?$vector@U?$pair@HH@std@@V?$allocator@U?$pair@HH@std@@@2@@2@@std@@@std@@@std@@@2@_K@Z 00000001800030e0 f i minkowski.obj
 0001:000020e0       ?deallocate@?$_Wrap_alloc@V?$allocator@PEAVactive_tail_arbitrary@?$polygon_arbitrary_formation@H@polygon@boost@@@std@@@std@@QEAAXPEAPEAVactive_tail_arbitrary@?$polygon_arbitrary_formation@H@polygon@boost@@_K@Z 00000001800030e0 f i minkowski.obj
 0001:000020e0       ?deallocate@?$_Wrap_alloc@V?$allocator@U?$pair@HH@std@@@std@@@std@@QEAAXPEAU?$pair@HH@2@_K@Z 00000001800030e0 f i minkowski.obj
 0001:000020e0       ?deallocate@?$_Wrap_alloc@V?$allocator@V?$_Tree_iterator@V?$_Tree_val@U?$_Tree_simple_types@U?$pair@$$CBVvertex_half_edge@?$scanline_base@H@polygon@boost@@PEAVactive_tail_arbitrary@?$polygon_arbitrary_formation@H@34@@std@@@std@@@std@@@std@@@std@@@std@@QEAAXPEAV?$_Tree_iterator@V?$_Tree_val@U?$_Tree_simple_types@U?$pair@$$CBVvertex_half_edge@?$scanline_base@H@polygon@boost@@PEAVactive_tail_arbitrary@?$polygon_arbitrary_formation@H@34@@std@@@std@@@std@@@2@_K@Z 00000001800030e0 f i minkowski.obj
 0001:000020e0       ?deallocate@?$_Wrap_alloc@V?$allocator@V?$point_data@H@polygon@boost@@@std@@@std@@QEAAXPEAV?$point_data@H@polygon@boost@@_K@Z 00000001800030e0 f i minkowski.obj
 0001:00002150       ?_Reallocate@?$vector@V?$point_data@H@polygon@boost@@V?$allocator@V?$point_data@H@polygon@boost@@@std@@@std@@IEAAX_K@Z 0000000180003150 f i minkowski.obj
 0001:00002250       ??4?$vector@V?$point_data@H@polygon@boost@@V?$allocator@V?$point_data@H@polygon@boost@@@std@@@std@@QEAAAEAV01@AEBV01@@Z 0000000180003250 f i minkowski.obj
 0001:000023c0       ??0?$vector@V?$point_data@H@polygon@boost@@V?$allocator@V?$point_data@H@polygon@boost@@@std@@@std@@QEAA@AEBV01@@Z 00000001800033c0 f i minkowski.obj
 0001:00002470       ?deallocate@?$_Wrap_alloc@V?$allocator@U?$pair@U?$pair@V?$point_data@H@polygon@boost@@V123@@std@@H@std@@@std@@@std@@QEAAXPEAU?$pair@U?$pair@V?$point_data@H@polygon@boost@@V123@@std@@H@2@_K@Z 0000000180003470 f i minkowski.obj
 0001:00002470       ?deallocate@?$_Wrap_alloc@V?$allocator@Vvertex_half_edge@?$scanline_base@H@polygon@boost@@@std@@@std@@QEAAXPEAVvertex_half_edge@?$scanline_base@H@polygon@boost@@_K@Z 0000000180003470 f i minkowski.obj
 0001:000024e0       ?allocate@?$_Wrap_alloc@V?$allocator@U?$pair@HH@std@@@std@@@std@@QEAAPEAU?$pair@HH@2@_K@Z 00000001800034e0 f i minkowski.obj
 0001:000024e0       ?allocate@?$_Wrap_alloc@V?$allocator@V?$point_data@H@polygon@boost@@@std@@@std@@QEAAPEAV?$point_data@H@polygon@boost@@_K@Z 00000001800034e0 f i minkowski.obj
 0001:00002550       ?_Buy@?$vector@U?$pair@HH@std@@V?$allocator@U?$pair@HH@std@@@2@@std@@IEAA_N_K@Z 0000000180003550 f i minkowski.obj
 0001:00002550       ?_Buy@?$vector@V?$point_data@H@polygon@boost@@V?$allocator@V?$point_data@H@polygon@boost@@@std@@@std@@IEAA_N_K@Z 0000000180003550 f i minkowski.obj
 0001:000025b0       ??$convolve_point_sequence_with_polygons@V?$_Vector_const_iterator@V?$_Vector_val@U?$_Simple_types@V?$point_data@H@polygon@boost@@@std@@@std@@@std@@@@YAXAEAV?$polygon_set_data@H@polygon@boost@@V?$_Vector_const_iterator@V?$_Vector_val@U?$_Simple_types@V?$point_data@H@polygon@boost@@@std@@@std@@@std@@1AEBV?$vector@V?$polygon_with_holes_data@H@polygon@boost@@V?$allocator@V?$polygon_with_holes_data@H@polygon@boost@@@std@@@4@@Z 00000001800035b0 f i minkowski.obj
 0001:000026c0       ??$convolve@V?$polygon_with_holes_data@H@polygon@boost@@V?$point_data@H@23@@polygon@boost@@YAAEAV?$polygon_with_holes_data@H@01@AEAV201@AEBV?$point_data@H@01@@Z 00000001800036c0 f i minkowski.obj
 0001:000029c0       ??$assign@V?$_List_const_iterator@V?$_List_val@U?$_List_simple_types@V?$polygon_data@H@polygon@boost@@@std@@@std@@@std@@@?$list@V?$polygon_data@H@polygon@boost@@V?$allocator@V?$polygon_data@H@polygon@boost@@@std@@@std@@QEAAXV?$_List_const_iterator@V?$_List_val@U?$_List_simple_types@V?$polygon_data@H@polygon@boost@@@std@@@std@@@1@0@Z 00000001800039c0 f i minkowski.obj
 0001:00002ac0       ??$_Umove@PEAV?$point_data@H@polygon@boost@@@?$vector@V?$point_data@H@polygon@boost@@V?$allocator@V?$point_data@H@polygon@boost@@@std@@@std@@IEAAPEAV?$point_data@H@polygon@boost@@PEAV234@00@Z 0000000180003ac0 f i minkowski.obj
 0001:00002b00       ??$_Copy_unchecked@PEAV?$point_data@H@polygon@boost@@PEAV123@@std@@YAPEAV?$point_data@H@polygon@boost@@PEAV123@00@Z 0000000180003b00 f i minkowski.obj
 0001:00002b50       ?erase@?$list@V?$polygon_data@H@polygon@boost@@V?$allocator@V?$polygon_data@H@polygon@boost@@@std@@@std@@QEAA?AV?$_List_iterator@V?$_List_val@U?$_List_simple_types@V?$polygon_data@H@polygon@boost@@@std@@@std@@@2@V?$_List_const_iterator@V?$_List_val@U?$_List_simple_types@V?$polygon_data@H@polygon@boost@@@std@@@std@@@2@0@Z 0000000180003b50 f i minkowski.obj
 0001:00002c90       ?_Reserve@?$vector@V?$polygon_data@H@polygon@boost@@V?$allocator@V?$polygon_data@H@polygon@boost@@@std@@@std@@IEAAX_K@Z 0000000180003c90 f i minkowski.obj
 0001:00002d60       ?_Reallocate@?$vector@V?$polygon_data@H@polygon@boost@@V?$allocator@V?$polygon_data@H@polygon@boost@@@std@@@std@@IEAAX_K@Z 0000000180003d60 f i minkowski.obj
 0001:00002eb0       ?deallocate@?$_Wrap_alloc@V?$allocator@U?$pair@HU?$pair@_K_K@std@@@std@@@std@@@std@@QEAAXPEAU?$pair@HU?$pair@_K_K@std@@@2@_K@Z 0000000180003eb0 f i minkowski.obj
 0001:00002eb0       ?deallocate@?$_Wrap_alloc@V?$allocator@U?$pair@U?$pair@V?$point_data@H@polygon@boost@@V123@@std@@U?$pair@HH@2@@std@@@std@@@std@@QEAAXPEAU?$pair@U?$pair@V?$point_data@H@polygon@boost@@V123@@std@@U?$pair@HH@2@@2@_K@Z 0000000180003eb0 f i minkowski.obj
 0001:00002eb0       ?deallocate@?$_Wrap_alloc@V?$allocator@V?$polygon_data@H@polygon@boost@@@std@@@std@@QEAAXPEAV?$polygon_data@H@polygon@boost@@_K@Z 0000000180003eb0 f i minkowski.obj
 0001:00002f20       ??$convolve_two_point_sequences@V?$_Vector_const_iterator@V?$_Vector_val@U?$_Simple_types@V?$point_data@H@polygon@boost@@@std@@@std@@@std@@V12@@@YAXAEAV?$polygon_set_data@H@polygon@boost@@V?$_Vector_const_iterator@V?$_Vector_val@U?$_Simple_types@V?$point_data@H@polygon@boost@@@std@@@std@@@std@@111@Z 0000000180003f20 f i minkowski.obj
 0001:00003200       ??$convolve@V?$polygon_data@H@polygon@boost@@V?$point_data@H@23@@polygon@boost@@YAAEAV?$polygon_data@H@01@AEAV201@AEBV?$point_data@H@01@@Z 0000000180004200 f i minkowski.obj
 0001:000034a0       ??$insert@V?$polygon_with_holes_data@H@polygon@boost@@@?$polygon_set_data@H@polygon@boost@@QEAAXAEBV?$polygon_with_holes_data@H@12@_NUpolygon_with_holes_concept@12@@Z 00000001800044a0 f i minkowski.obj
 0001:00003560       ??$_Insert@AEBV?$polygon_data@H@polygon@boost@@@?$list@V?$polygon_data@H@polygon@boost@@V?$allocator@V?$polygon_data@H@polygon@boost@@@std@@@std@@QEAAXV?$_List_unchecked_const_iterator@V?$_List_val@U?$_List_simple_types@V?$polygon_data@H@polygon@boost@@@std@@@std@@U_Iterator_base0@2@@1@AEBV?$polygon_data@H@polygon@boost@@@Z 0000000180004560 f i minkowski.obj
 0001:00003620       ??$_Destroy_range1@V?$allocator@V?$polygon_with_holes_data@H@polygon@boost@@@std@@PEAV?$polygon_with_holes_data@H@polygon@boost@@@std@@YAXPEAV?$polygon_with_holes_data@H@polygon@boost@@0AEAU?$_Wrap_alloc@V?$allocator@V?$polygon_with_holes_data@H@polygon@boost@@@std@@@0@U?$integral_constant@_N$0A@@0@@Z 0000000180004620 f i minkowski.obj
 0001:00003700       ?_Reallocate@?$vector@U?$pair@HH@std@@V?$allocator@U?$pair@HH@std@@@2@@std@@IEAAX_K@Z 0000000180004700 f i minkowski.obj
 0001:00003700       ?_Reallocate@?$vector@V?$_Tree_iterator@V?$_Tree_val@U?$_Tree_simple_types@U?$pair@$$CBVvertex_half_edge@?$scanline_base@H@polygon@boost@@PEAVactive_tail_arbitrary@?$polygon_arbitrary_formation@H@34@@std@@@std@@@std@@@std@@V?$allocator@V?$_Tree_iterator@V?$_Tree_val@U?$_Tree_simple_types@U?$pair@$$CBVvertex_half_edge@?$scanline_base@H@polygon@boost@@PEAVactive_tail_arbitrary@?$polygon_arbitrary_formation@H@34@@std@@@std@@@std@@@std@@@2@@std@@IEAAX_K@Z 0000000180004700 f i minkowski.obj
 0001:00003700       ?_Reallocate@?$vector@V?$_Tree_iterator@V?$_Tree_val@U?$_Tree_simple_types@U?$pair@$$CBU?$pair@V?$point_data@H@polygon@boost@@V123@@std@@V?$vector@U?$pair@HH@std@@V?$allocator@U?$pair@HH@std@@@2@@2@@std@@@std@@@std@@@std@@V?$allocator@V?$_Tree_iterator@V?$_Tree_val@U?$_Tree_simple_types@U?$pair@$$CBU?$pair@V?$point_data@H@polygon@boost@@V123@@std@@V?$vector@U?$pair@HH@std@@V?$allocator@U?$pair@HH@std@@@2@@2@@std@@@std@@@std@@@std@@@2@@std@@IEAAX_K@Z 0000000180004700 f i minkowski.obj
 0001:00003810       ??$get_fracture@V?$vector@V?$polygon_with_holes_data@H@polygon@boost@@V?$allocator@V?$polygon_with_holes_data@H@polygon@boost@@@std@@@std@@Upolygon_with_holes_concept@polygon@boost@@@?$polygon_set_data@H@polygon@boost@@AEBAXAEAV?$vector@V?$polygon_with_holes_data@H@polygon@boost@@V?$allocator@V?$polygon_with_holes_data@H@polygon@boost@@@std@@@std@@_NUpolygon_with_holes_concept@12@@Z 0000000180004810 f i minkowski.obj
 0001:00003be0       ??$execute_boolean_op@V?$polygon_set_data@H@polygon@boost@@V123@V?$polygon_with_holes_data@H@23@$0A@@polygon@boost@@YAXAEAV?$polygon_set_data@H@01@AEBV201@AEBV?$polygon_with_holes_data@H@01@@Z 0000000180004be0 f i minkowski.obj
 0001:00003f90       ??$execute_boolean_op@V?$polygon_set_data@H@polygon@boost@@V123@V?$polygon_with_holes_data@H@23@$02@polygon@boost@@YAXAEAV?$polygon_set_data@H@01@AEBV201@AEBV?$polygon_with_holes_data@H@01@@Z 0000000180004f90 f i minkowski.obj
 0001:00004340       ??$_Destroy_range1@V?$allocator@V?$polygon_data@H@polygon@boost@@@std@@PEAV?$polygon_data@H@polygon@boost@@@std@@YAXPEAV?$polygon_data@H@polygon@boost@@0AEAU?$_Wrap_alloc@V?$allocator@V?$polygon_data@H@polygon@boost@@@std@@@0@U?$integral_constant@_N$0A@@0@@Z 0000000180005340 f i minkowski.obj
 0001:00004410       ??0?$polygon_arbitrary_formation@H@polygon@boost@@QEAA@_N@Z 0000000180005410 f i minkowski.obj
 0001:000045a0       ??4?$vector@U?$pair@HH@std@@V?$allocator@U?$pair@HH@std@@@2@@std@@QEAAAEAV01@AEBV01@@Z 00000001800055a0 f i minkowski.obj
 0001:00004740       ?_Reserve@?$vector@U?$pair@U?$pair@V?$point_data@H@polygon@boost@@V123@@std@@H@std@@V?$allocator@U?$pair@U?$pair@V?$point_data@H@polygon@boost@@V123@@std@@H@std@@@2@@std@@IEAAX_K@Z 0000000180005740 f i minkowski.obj
 0001:00004740       ?_Reserve@?$vector@Vvertex_half_edge@?$scanline_base@H@polygon@boost@@V?$allocator@Vvertex_half_edge@?$scanline_base@H@polygon@boost@@@std@@@std@@IEAAX_K@Z 0000000180005740 f i minkowski.obj
 0001:00004810       ?_Tidy@?$vector@V?$Vertex45CompactT@V?$Vertex45CountT@H@?$polygon_45_formation@H@polygon@boost@@@?$polygon_45_formation@H@polygon@boost@@V?$allocator@V?$Vertex45CompactT@V?$Vertex45CountT@H@?$polygon_45_formation@H@polygon@boost@@@?$polygon_45_formation@H@polygon@boost@@@std@@@std@@IEAAXXZ 0000000180005810 f i minkowski.obj
 0001:000048c0       ?_Reallocate@?$vector@U?$pair@U?$pair@V?$point_data@H@polygon@boost@@V123@@std@@H@std@@V?$allocator@U?$pair@U?$pair@V?$point_data@H@polygon@boost@@V123@@std@@H@std@@@2@@std@@IEAAX_K@Z 00000001800058c0 f i minkowski.obj
 0001:000048c0       ?_Reallocate@?$vector@Vvertex_half_edge@?$scanline_base@H@polygon@boost@@V?$allocator@Vvertex_half_edge@?$scanline_base@H@polygon@boost@@@std@@@std@@IEAAX_K@Z 00000001800058c0 f i minkowski.obj
 0001:00004a10       ?erase@?$_Tree@V?$_Tmap_traits@Vvertex_half_edge@?$scanline_base@H@polygon@boost@@PEAVactive_tail_arbitrary@?$polygon_arbitrary_formation@H@34@Vless_vertex_half_edge@234@V?$allocator@U?$pair@$$CBVvertex_half_edge@?$scanline_base@H@polygon@boost@@PEAVactive_tail_arbitrary@?$polygon_arbitrary_formation@H@34@@std@@@std@@$0A@@std@@@std@@QEAA?AV?$_Tree_iterator@V?$_Tree_val@U?$_Tree_simple_types@U?$pair@$$CBVvertex_half_edge@?$scanline_base@H@polygon@boost@@PEAVactive_tail_arbitrary@?$polygon_arbitrary_formation@H@34@@std@@@std@@@std@@@2@V?$_Tree_const_iterator@V?$_Tree_val@U?$_Tree_simple_types@U?$pair@$$CBVvertex_half_edge@?$scanline_base@H@polygon@boost@@PEAVactive_tail_arbitrary@?$polygon_arbitrary_formation@H@34@@std@@@std@@@std@@@2@0@Z 0000000180005a10 f i minkowski.obj
 0001:00004af0       ?clear@?$_Tree@V?$_Tmap_traits@Vvertex_half_edge@?$scanline_base@H@polygon@boost@@PEAVactive_tail_arbitrary@?$polygon_arbitrary_formation@H@34@Vless_vertex_half_edge@234@V?$allocator@U?$pair@$$CBVvertex_half_edge@?$scanline_base@H@polygon@boost@@PEAVactive_tail_arbitrary@?$polygon_arbitrary_formation@H@34@@std@@@std@@$0A@@std@@@std@@QEAAXXZ 0000000180005af0 f i minkowski.obj
 0001:00004b70       ?erase@?$_Tree@V?$_Tmap_traits@Vvertex_half_edge@?$scanline_base@H@polygon@boost@@PEAVactive_tail_arbitrary@?$polygon_arbitrary_formation@H@34@Vless_vertex_half_edge@234@V?$allocator@U?$pair@$$CBVvertex_half_edge@?$scanline_base@H@polygon@boost@@PEAVactive_tail_arbitrary@?$polygon_arbitrary_formation@H@34@@std@@@std@@$0A@@std@@@std@@QEAA?AV?$_Tree_iterator@V?$_Tree_val@U?$_Tree_simple_types@U?$pair@$$CBVvertex_half_edge@?$scanline_base@H@polygon@boost@@PEAVactive_tail_arbitrary@?$polygon_arbitrary_formation@H@34@@std@@@std@@@std@@@2@V?$_Tree_const_iterator@V?$_Tree_val@U?$_Tree_simple_types@U?$pair@$$CBVvertex_half_edge@?$scanline_base@H@polygon@boost@@PEAVactive_tail_arbitrary@?$polygon_arbitrary_formation@H@34@@std@@@std@@@std@@@2@@Z 0000000180005b70 f i minkowski.obj
 0001:00004fb0       ?_Rrotate@?$_Tree@V?$_Tmap_traits@Vvertex_half_edge@?$scanline_base@H@polygon@boost@@PEAVactive_tail_arbitrary@?$polygon_arbitrary_formation@H@34@Vless_vertex_half_edge@234@V?$allocator@U?$pair@$$CBVvertex_half_edge@?$scanline_base@H@polygon@boost@@PEAVactive_tail_arbitrary@?$polygon_arbitrary_formation@H@34@@std@@@std@@$0A@@std@@@std@@IEAAXPEAU?$_Tree_node@U?$pair@$$CBVvertex_half_edge@?$scanline_base@H@polygon@boost@@PEAVactive_tail_arbitrary@?$polygon_arbitrary_formation@H@34@@std@@PEAX@2@@Z 0000000180005fb0 f i minkowski.obj
 0001:00005010       ?_Lrotate@?$_Tree@V?$_Tmap_traits@Vvertex_half_edge@?$scanline_base@H@polygon@boost@@PEAVactive_tail_arbitrary@?$polygon_arbitrary_formation@H@34@Vless_vertex_half_edge@234@V?$allocator@U?$pair@$$CBVvertex_half_edge@?$scanline_base@H@polygon@boost@@PEAVactive_tail_arbitrary@?$polygon_arbitrary_formation@H@34@@std@@@std@@$0A@@std@@@std@@IEAAXPEAU?$_Tree_node@U?$pair@$$CBVvertex_half_edge@?$scanline_base@H@polygon@boost@@PEAVactive_tail_arbitrary@?$polygon_arbitrary_formation@H@34@@std@@PEAX@2@@Z 0000000180006010 f i minkowski.obj
 0001:00005070       ?_Erase@?$_Tree@V?$_Tset_traits@V?$point_data@H@polygon@boost@@U?$less@V?$point_data@H@polygon@boost@@@std@@V?$allocator@V?$point_data@H@polygon@boost@@@5@$0A@@std@@@std@@IEAAXPEAU?$_Tree_node@V?$point_data@H@polygon@boost@@PEAX@2@@Z 0000000180006070 f i minkowski.obj
 0001:00005070       ?_Erase@?$_Tree@V?$_Tset_traits@V?$point_data@H@polygon@boost@@Vless_point@?$scanline_base@H@23@V?$allocator@V?$point_data@H@polygon@boost@@@std@@$0A@@std@@@std@@IEAAXPEAU?$_Tree_node@V?$point_data@H@polygon@boost@@PEAX@2@@Z 0000000180006070 f i minkowski.obj
 0001:00005070       ?_Erase@?$_Tree@V?$_Tmap_traits@Vvertex_half_edge@?$scanline_base@H@polygon@boost@@PEAVactive_tail_arbitrary@?$polygon_arbitrary_formation@H@34@Vless_vertex_half_edge@234@V?$allocator@U?$pair@$$CBVvertex_half_edge@?$scanline_base@H@polygon@boost@@PEAVactive_tail_arbitrary@?$polygon_arbitrary_formation@H@34@@std@@@std@@$0A@@std@@@std@@IEAAXPEAU?$_Tree_node@U?$pair@$$CBVvertex_half_edge@?$scanline_base@H@polygon@boost@@PEAVactive_tail_arbitrary@?$polygon_arbitrary_formation@H@34@@std@@PEAX@2@@Z 0000000180006070 f i minkowski.obj
 0001:000050c0       ?clean@?$polygon_set_data@H@polygon@boost@@QEBAXXZ 00000001800060c0 f i minkowski.obj
 0001:00005260       ??$insert_vertex_sequence@V?$_Vector_const_iterator@V?$_Vector_val@U?$_Simple_types@V?$point_data@H@polygon@boost@@@std@@@std@@@std@@@?$polygon_set_data@H@polygon@boost@@QEAAXV?$_Vector_const_iterator@V?$_Vector_val@U?$_Simple_types@V?$point_data@H@polygon@boost@@@std@@@std@@@std@@0Vdirection_1d@12@_N@Z 0000000180006260 f i minkowski.obj
 0001:00005410       ??$set_holes@V?$_Vector_iterator@V?$_Vector_val@U?$_Simple_types@V?$polygon_data@H@polygon@boost@@@std@@@std@@@std@@@?$polygon_with_holes_data@H@polygon@boost@@QEAAAEAV012@V?$_Vector_iterator@V?$_Vector_val@U?$_Simple_types@V?$polygon_data@H@polygon@boost@@@std@@@std@@@std@@0@Z 0000000180006410 f i minkowski.obj
 0001:00005540       ??$execute@V?$polygon_set_data@H@polygon@boost@@V?$_Vector_const_iterator@V?$_Vector_val@U?$_Simple_types@U?$pair@U?$pair@V?$point_data@H@polygon@boost@@V123@@std@@H@std@@@std@@@std@@@std@@V45@@?$arbitrary_boolean_op@H@polygon@boost@@QEAAXAEAV?$polygon_set_data@H@12@V?$_Vector_const_iterator@V?$_Vector_val@U?$_Simple_types@U?$pair@U?$pair@V?$point_data@H@polygon@boost@@V123@@std@@H@std@@@std@@@std@@@std@@111H@Z 0000000180006540 f i minkowski.obj
 0001:000057d0       ??$set@V?$_Vector_const_iterator@V?$_Vector_val@U?$_Simple_types@U?$pair@U?$pair@V?$point_data@H@polygon@boost@@V123@@std@@H@std@@@std@@@std@@@std@@@?$polygon_set_data@H@polygon@boost@@QEAAXV?$_Vector_const_iterator@V?$_Vector_val@U?$_Simple_types@U?$pair@U?$pair@V?$point_data@H@polygon@boost@@V123@@std@@H@std@@@std@@@std@@@std@@0@Z 00000001800067d0 f i minkowski.obj
 0001:000058c0       ??1?$scanline@HHV?$vector@HV?$allocator@H@std@@@std@@@polygon@boost@@QEAA@XZ 00000001800068c0 f i minkowski.obj
 0001:00005990       ??0?$scanline@HHV?$vector@HV?$allocator@H@std@@@std@@@polygon@boost@@QEAA@XZ 0000000180006990 f i minkowski.obj
 0001:00005bb0       ?insert_clean@?$polygon_set_data@H@polygon@boost@@QEAAXAEBU?$pair@U?$pair@V?$point_data@H@polygon@boost@@V123@@std@@H@std@@_N@Z 0000000180006bb0 f i minkowski.obj
 0001:00005c60       ?push_back@?$vector@U?$pair@U?$pair@V?$point_data@H@polygon@boost@@V123@@std@@H@std@@V?$allocator@U?$pair@U?$pair@V?$point_data@H@polygon@boost@@V123@@std@@H@std@@@2@@std@@QEAAXAEBU?$pair@U?$pair@V?$point_data@H@polygon@boost@@V123@@std@@H@2@@Z 0000000180006c60 f i minkowski.obj
 0001:00005d40       ?erase@?$_Tree@V?$_Tset_traits@V?$point_data@H@polygon@boost@@Vless_point@?$scanline_base@H@23@V?$allocator@V?$point_data@H@polygon@boost@@@std@@$0A@@std@@@std@@QEAA?AV?$_Tree_const_iterator@V?$_Tree_val@U?$_Tree_simple_types@V?$point_data@H@polygon@boost@@@std@@@std@@@2@V32@0@Z 0000000180006d40 f i minkowski.obj
 0001:00005d40       ?erase@?$_Tree@V?$_Tset_traits@V?$point_data@H@polygon@boost@@U?$less@V?$point_data@H@polygon@boost@@@std@@V?$allocator@V?$point_data@H@polygon@boost@@@5@$0A@@std@@@std@@QEAA?AV?$_Tree_const_iterator@V?$_Tree_val@U?$_Tree_simple_types@V?$point_data@H@polygon@boost@@@std@@@std@@@2@V32@0@Z 0000000180006d40 f i minkowski.obj
 0001:00005e70       ?erase@?$_Tree@V?$_Tmap_traits@U?$pair@V?$point_data@H@polygon@boost@@V123@@std@@V?$vector@U?$pair@HH@std@@V?$allocator@U?$pair@HH@std@@@2@@2@Vless_half_edge@?$scanline_base@H@polygon@boost@@V?$allocator@U?$pair@$$CBU?$pair@V?$point_data@H@polygon@boost@@V123@@std@@V?$vector@U?$pair@HH@std@@V?$allocator@U?$pair@HH@std@@@2@@2@@std@@@2@$0A@@std@@@std@@QEAA?AV?$_Tree_iterator@V?$_Tree_val@U?$_Tree_simple_types@U?$pair@$$CBU?$pair@V?$point_data@H@polygon@boost@@V123@@std@@V?$vector@U?$pair@HH@std@@V?$allocator@U?$pair@HH@std@@@2@@2@@std@@@std@@@std@@@2@V?$_Tree_const_iterator@V?$_Tree_val@U?$_Tree_simple_types@U?$pair@$$CBU?$pair@V?$point_data@H@polygon@boost@@V123@@std@@V?$vector@U?$pair@HH@std@@V?$allocator@U?$pair@HH@std@@@2@@2@@std@@@std@@@std@@@2@0@Z 0000000180006e70 f i minkowski.obj
 0001:00005f70       ?deallocate@?$_Wrap_alloc@V?$allocator@H@std@@@std@@QEAAXPEAH_K@Z 0000000180006f70 f i minkowski.obj
 0001:00005fe0       ?_Insert_n@?$vector@HV?$allocator@H@std@@@std@@IEAA?AV?$_Vector_iterator@V?$_Vector_val@U?$_Simple_types@H@std@@@std@@@2@V?$_Vector_const_iterator@V?$_Vector_val@U?$_Simple_types@H@std@@@std@@@2@_KAEBH@Z 0000000180006fe0 f i minkowski.obj
 0001:00006250       ?erase@?$_Tree@V?$_Tset_traits@V?$point_data@H@polygon@boost@@U?$less@V?$point_data@H@polygon@boost@@@std@@V?$allocator@V?$point_data@H@polygon@boost@@@5@$0A@@std@@@std@@QEAA?AV?$_Tree_const_iterator@V?$_Tree_val@U?$_Tree_simple_types@V?$point_data@H@polygon@boost@@@std@@@std@@@2@V32@@Z 0000000180007250 f i minkowski.obj
 0001:00006250       ?erase@?$_Tree@V?$_Tset_traits@V?$point_data@H@polygon@boost@@Vless_point@?$scanline_base@H@23@V?$allocator@V?$point_data@H@polygon@boost@@@std@@$0A@@std@@@std@@QEAA?AV?$_Tree_const_iterator@V?$_Tree_val@U?$_Tree_simple_types@V?$point_data@H@polygon@boost@@@std@@@std@@@2@V32@@Z 0000000180007250 f i minkowski.obj
 0001:00006690       ?erase@?$_Tree@V?$_Tmap_traits@U?$pair@V?$point_data@H@polygon@boost@@V123@@std@@V?$vector@U?$pair@HH@std@@V?$allocator@U?$pair@HH@std@@@2@@2@Vless_half_edge@?$scanline_base@H@polygon@boost@@V?$allocator@U?$pair@$$CBU?$pair@V?$point_data@H@polygon@boost@@V123@@std@@V?$vector@U?$pair@HH@std@@V?$allocator@U?$pair@HH@std@@@2@@2@@std@@@2@$0A@@std@@@std@@QEAA?AV?$_Tree_iterator@V?$_Tree_val@U?$_Tree_simple_types@U?$pair@$$CBU?$pair@V?$point_data@H@polygon@boost@@V123@@std@@V?$vector@U?$pair@HH@std@@V?$allocator@U?$pair@HH@std@@@2@@2@@std@@@std@@@std@@@2@V?$_Tree_const_iterator@V?$_Tree_val@U?$_Tree_simple_types@U?$pair@$$CBU?$pair@V?$point_data@H@polygon@boost@@V123@@std@@V?$vector@U?$pair@HH@std@@V?$allocator@U?$pair@HH@std@@@2@@2@@std@@@std@@@std@@@2@@Z 0000000180007690 f i minkowski.obj
 0001:00006b40       ?allocate@?$_Wrap_alloc@V?$allocator@H@std@@@std@@QEAAPEAH_K@Z 0000000180007b40 f i minkowski.obj
 0001:00006bb0       ?allocate@?$_Wrap_alloc@V?$allocator@U?$pair@U?$pair@V?$point_data@H@polygon@boost@@V123@@std@@H@std@@@std@@@std@@QEAAPEAU?$pair@U?$pair@V?$point_data@H@polygon@boost@@V123@@std@@H@2@_K@Z 0000000180007bb0 f i minkowski.obj
 0001:00006c20       ?_Rrotate@?$_Tree@V?$_Tset_traits@V?$point_data@H@polygon@boost@@Vless_point@?$scanline_base@H@23@V?$allocator@V?$point_data@H@polygon@boost@@@std@@$0A@@std@@@std@@IEAAXPEAU?$_Tree_node@V?$point_data@H@polygon@boost@@PEAX@2@@Z 0000000180007c20 f i minkowski.obj
 0001:00006c20       ?_Rrotate@?$_Tree@V?$_Tmap_traits@HV?$vector@U?$pair@U?$pair@V?$point_data@H@polygon@boost@@V123@@std@@H@std@@V?$allocator@U?$pair@U?$pair@V?$point_data@H@polygon@boost@@V123@@std@@H@std@@@2@@std@@U?$less@H@2@V?$allocator@U?$pair@$$CBHV?$vector@U?$pair@U?$pair@V?$point_data@H@polygon@boost@@V123@@std@@H@std@@V?$allocator@U?$pair@U?$pair@V?$point_data@H@polygon@boost@@V123@@std@@H@std@@@2@@std@@@std@@@2@$0A@@std@@@std@@IEAAXPEAU?$_Tree_node@U?$pair@$$CBHV?$vector@U?$pair@U?$pair@V?$point_data@H@polygon@boost@@V123@@std@@H@std@@V?$allocator@U?$pair@U?$pair@V?$point_data@H@polygon@boost@@V123@@std@@H@std@@@2@@std@@@std@@PEAX@2@@Z 0000000180007c20 f i minkowski.obj
 0001:00006c20       ?_Rrotate@?$_Tree@V?$_Tset_traits@V?$point_data@H@polygon@boost@@U?$less@V?$point_data@H@polygon@boost@@@std@@V?$allocator@V?$point_data@H@polygon@boost@@@5@$0A@@std@@@std@@IEAAXPEAU?$_Tree_node@V?$point_data@H@polygon@boost@@PEAX@2@@Z 0000000180007c20 f i minkowski.obj
 0001:00006c80       ?_Lrotate@?$_Tree@V?$_Tmap_traits@HV?$vector@U?$pair@U?$pair@V?$point_data@H@polygon@boost@@V123@@std@@H@std@@V?$allocator@U?$pair@U?$pair@V?$point_data@H@polygon@boost@@V123@@std@@H@std@@@2@@std@@U?$less@H@2@V?$allocator@U?$pair@$$CBHV?$vector@U?$pair@U?$pair@V?$point_data@H@polygon@boost@@V123@@std@@H@std@@V?$allocator@U?$pair@U?$pair@V?$point_data@H@polygon@boost@@V123@@std@@H@std@@@2@@std@@@std@@@2@$0A@@std@@@std@@IEAAXPEAU?$_Tree_node@U?$pair@$$CBHV?$vector@U?$pair@U?$pair@V?$point_data@H@polygon@boost@@V123@@std@@H@std@@V?$allocator@U?$pair@U?$pair@V?$point_data@H@polygon@boost@@V123@@std@@H@std@@@2@@std@@@std@@PEAX@2@@Z 0000000180007c80 f i minkowski.obj
 0001:00006c80       ?_Lrotate@?$_Tree@V?$_Tset_traits@V?$point_data@H@polygon@boost@@Vless_point@?$scanline_base@H@23@V?$allocator@V?$point_data@H@polygon@boost@@@std@@$0A@@std@@@std@@IEAAXPEAU?$_Tree_node@V?$point_data@H@polygon@boost@@PEAX@2@@Z 0000000180007c80 f i minkowski.obj
 0001:00006c80       ?_Lrotate@?$_Tree@V?$_Tset_traits@V?$point_data@H@polygon@boost@@U?$less@V?$point_data@H@polygon@boost@@@std@@V?$allocator@V?$point_data@H@polygon@boost@@@5@$0A@@std@@@std@@IEAAXPEAU?$_Tree_node@V?$point_data@H@polygon@boost@@PEAX@2@@Z 0000000180007c80 f i minkowski.obj
 0001:00006ce0       ?_Rrotate@?$_Tree@V?$_Tmap_traits@U?$pair@V?$point_data@H@polygon@boost@@V123@@std@@V?$vector@U?$pair@HH@std@@V?$allocator@U?$pair@HH@std@@@2@@2@Vless_half_edge@?$scanline_base@H@polygon@boost@@V?$allocator@U?$pair@$$CBU?$pair@V?$point_data@H@polygon@boost@@V123@@std@@V?$vector@U?$pair@HH@std@@V?$allocator@U?$pair@HH@std@@@2@@2@@std@@@2@$0A@@std@@@std@@IEAAXPEAU?$_Tree_node@U?$pair@$$CBU?$pair@V?$point_data@H@polygon@boost@@V123@@std@@V?$vector@U?$pair@HH@std@@V?$allocator@U?$pair@HH@std@@@2@@2@@std@@PEAX@2@@Z 0000000180007ce0 f i minkowski.obj
 0001:00006d40       ?_Lrotate@?$_Tree@V?$_Tmap_traits@U?$pair@V?$point_data@H@polygon@boost@@V123@@std@@V?$vector@U?$pair@HH@std@@V?$allocator@U?$pair@HH@std@@@2@@2@Vless_half_edge@?$scanline_base@H@polygon@boost@@V?$allocator@U?$pair@$$CBU?$pair@V?$point_data@H@polygon@boost@@V123@@std@@V?$vector@U?$pair@HH@std@@V?$allocator@U?$pair@HH@std@@@2@@2@@std@@@2@$0A@@std@@@std@@IEAAXPEAU?$_Tree_node@U?$pair@$$CBU?$pair@V?$point_data@H@polygon@boost@@V123@@std@@V?$vector@U?$pair@HH@std@@V?$allocator@U?$pair@HH@std@@@2@@2@@std@@PEAX@2@@Z 0000000180007d40 f i minkowski.obj
 0001:00006da0       ?_Erase@?$_Tree@V?$_Tmap_traits@U?$pair@V?$point_data@H@polygon@boost@@V123@@std@@V?$vector@U?$pair@HH@std@@V?$allocator@U?$pair@HH@std@@@2@@2@Vless_half_edge@?$scanline_base@H@polygon@boost@@V?$allocator@U?$pair@$$CBU?$pair@V?$point_data@H@polygon@boost@@V123@@std@@V?$vector@U?$pair@HH@std@@V?$allocator@U?$pair@HH@std@@@2@@2@@std@@@2@$0A@@std@@@std@@IEAAXPEAU?$_Tree_node@U?$pair@$$CBU?$pair@V?$point_data@H@polygon@boost@@V123@@std@@V?$vector@U?$pair@HH@std@@V?$allocator@U?$pair@HH@std@@@2@@2@@std@@PEAX@2@@Z 0000000180007da0 f i minkowski.obj
 0001:00006fd0       ??$processEvent_@V?$vector@V?$polygon_with_holes_data@H@polygon@boost@@V?$allocator@V?$polygon_with_holes_data@H@polygon@boost@@@std@@@std@@V?$_Vector_iterator@V?$_Vector_val@U?$_Simple_types@Vvertex_half_edge@?$scanline_base@H@polygon@boost@@@std@@@std@@@2@@?$polygon_arbitrary_formation@H@polygon@boost@@IEAA?AV?$_Vector_iterator@V?$_Vector_val@U?$_Simple_types@Vvertex_half_edge@?$scanline_base@H@polygon@boost@@@std@@@std@@@std@@AEAV?$vector@V?$polygon_with_holes_data@H@polygon@boost@@V?$allocator@V?$polygon_with_holes_data@H@polygon@boost@@@std@@@4@V34@1@Z 0000000180007fd0 f i minkowski.obj
 0001:00007df0       ??$insert@V?$_Vector_const_iterator@V?$_Vector_val@U?$_Simple_types@U?$pair@U?$pair@V?$point_data@H@polygon@boost@@V123@@std@@H@std@@@std@@@std@@@std@@@?$arbitrary_boolean_op@H@polygon@boost@@AEAAXV?$_Vector_const_iterator@V?$_Vector_val@U?$_Simple_types@U?$pair@U?$pair@V?$point_data@H@polygon@boost@@V123@@std@@H@std@@@std@@@std@@@std@@0H@Z 0000000180008df0 f i minkowski.obj
 0001:00007fa0       ??$validate_scan@V?$_Vector_iterator@V?$_Vector_val@U?$_Simple_types@U?$pair@U?$pair@V?$point_data@H@polygon@boost@@V123@@std@@U?$pair@HH@2@@std@@@std@@@std@@@std@@H@?$line_intersection@H@polygon@boost@@SAXAEAV?$vector@U?$pair@U?$pair@V?$point_data@H@polygon@boost@@V123@@std@@U?$pair@HH@2@@std@@V?$allocator@U?$pair@U?$pair@V?$point_data@H@polygon@boost@@V123@@std@@U?$pair@HH@2@@std@@@2@@std@@V?$_Vector_iterator@V?$_Vector_val@U?$_Simple_types@U?$pair@U?$pair@V?$point_data@H@polygon@boost@@V123@@std@@U?$pair@HH@2@@std@@@std@@@std@@@4@1@Z 0000000180008fa0 f i minkowski.obj
 0001:000086c0       ??_Gactive_tail_arbitrary@?$polygon_arbitrary_formation@H@polygon@boost@@QEAAPEAXI@Z 00000001800096c0 f i minkowski.obj
 0001:00008730       ?insert_new_edges_into_scanline@?$scanline@HHV?$vector@HV?$allocator@H@std@@@std@@@polygon@boost@@QEAAXXZ 0000000180009730 f i minkowski.obj
 0001:00008850       ?remove_retired_edges_from_scanline@?$scanline@HHV?$vector@HV?$allocator@H@std@@@std@@@polygon@boost@@QEAAXXZ 0000000180009850 f i minkowski.obj
 0001:00008c40       ?pushPoint@active_tail_arbitrary@?$polygon_arbitrary_formation@H@polygon@boost@@QEAAXV?$point_data@H@34@@Z 0000000180009c40 f i minkowski.obj
 0001:00008cd0       ?addHole@active_tail_arbitrary@?$polygon_arbitrary_formation@H@polygon@boost@@QEAAPEAV1234@PEAV1234@@Z 0000000180009cd0 f i minkowski.obj
 0001:00008d70       ?join@active_tail_arbitrary@?$polygon_arbitrary_formation@H@polygon@boost@@QEAA_NPEAV1234@@Z 0000000180009d70 f i minkowski.obj
 0001:00008eb0       ??1active_tail_arbitrary@?$polygon_arbitrary_formation@H@polygon@boost@@QEAA@XZ 0000000180009eb0 f i minkowski.obj
 0001:00008f10       ?evalAtX@vertex_half_edge@?$scanline_base@H@polygon@boost@@QEBAOH@Z 0000000180009f10 f i minkowski.obj
 0001:00008f80       ?on_above_or_below@?$scanline_base@H@polygon@boost@@SAHV?$point_data@H@23@AEBU?$pair@V?$point_data@H@polygon@boost@@V123@@std@@@Z 0000000180009f80 f i minkowski.obj
 0001:000090d0       ??_Gpoly_line_arbitrary@?$polygon_arbitrary_formation@H@polygon@boost@@QEAAPEAXI@Z 000000018000a0d0 f i minkowski.obj
 0001:00009140       ?_Reserve@?$vector@U?$pair@U?$pair@V?$point_data@H@polygon@boost@@V123@@std@@U?$pair@HH@2@@std@@V?$allocator@U?$pair@U?$pair@V?$point_data@H@polygon@boost@@V123@@std@@U?$pair@HH@2@@std@@@2@@std@@IEAAX_K@Z 000000018000a140 f i minkowski.obj
 0001:00009210       ?_Reserve@?$vector@U?$pair@U?$pair@U?$pair@V?$point_data@H@polygon@boost@@V123@@std@@H@std@@PEAVactive_tail_arbitrary@?$polygon_arbitrary_formation@H@polygon@boost@@@std@@V?$allocator@U?$pair@U?$pair@U?$pair@V?$point_data@H@polygon@boost@@V123@@std@@H@std@@PEAVactive_tail_arbitrary@?$polygon_arbitrary_formation@H@polygon@boost@@@std@@@2@@std@@IEAAX_K@Z 000000018000a210 f i minkowski.obj
 0001:00009210       ?_Reserve@?$vector@U?$pair@Vvertex_half_edge@?$scanline_base@H@polygon@boost@@PEAVactive_tail_arbitrary@?$polygon_arbitrary_formation@H@34@@std@@V?$allocator@U?$pair@Vvertex_half_edge@?$scanline_base@H@polygon@boost@@PEAVactive_tail_arbitrary@?$polygon_arbitrary_formation@H@34@@std@@@2@@std@@IEAAX_K@Z 000000018000a210 f i minkowski.obj
 0001:000092a0       ?_Reserve@?$vector@U?$pair@V?$point_data@H@polygon@boost@@H@std@@V?$allocator@U?$pair@V?$point_data@H@polygon@boost@@H@std@@@2@@std@@IEAAX_K@Z 000000018000a2a0 f i minkowski.obj
 0001:00009370       ?_Reallocate@?$vector@U?$pair@V?$point_data@H@polygon@boost@@H@std@@V?$allocator@U?$pair@V?$point_data@H@polygon@boost@@H@std@@@2@@std@@IEAAX_K@Z 000000018000a370 f i minkowski.obj
 0001:000094a0       ?destroyContents@active_tail_arbitrary@?$polygon_arbitrary_formation@H@polygon@boost@@QEAAXXZ 000000018000a4a0 f i minkowski.obj
 0001:00009590       ?copyHoles@active_tail_arbitrary@?$polygon_arbitrary_formation@H@polygon@boost@@QEAAXAEAV1234@@Z 000000018000a590 f i minkowski.obj
 0001:000095d0       ?between@?$scanline_base@H@polygon@boost@@SA_NV?$point_data@H@23@00@Z 000000018000a5d0 f i minkowski.obj
 0001:00009640       ?deallocate@?$_Wrap_alloc@V?$allocator@U?$pair@V?$point_data@H@polygon@boost@@H@std@@@std@@@std@@QEAAXPEAU?$pair@V?$point_data@H@polygon@boost@@H@2@_K@Z 000000018000a640 f i minkowski.obj
 0001:000096b0       ?deallocate@?$_Wrap_alloc@V?$allocator@U?$pair@U?$pair@U?$pair@V?$point_data@H@polygon@boost@@V123@@std@@H@std@@PEAVactive_tail_arbitrary@?$polygon_arbitrary_formation@H@polygon@boost@@@std@@@std@@@std@@QEAAXPEAU?$pair@U?$pair@U?$pair@V?$point_data@H@polygon@boost@@V123@@std@@H@std@@PEAVactive_tail_arbitrary@?$polygon_arbitrary_formation@H@polygon@boost@@@2@_K@Z 000000018000a6b0 f i minkowski.obj
 0001:000096b0       ?deallocate@?$_Wrap_alloc@V?$allocator@U?$pair@Vvertex_half_edge@?$scanline_base@H@polygon@boost@@PEAVactive_tail_arbitrary@?$polygon_arbitrary_formation@H@34@@std@@@std@@@std@@QEAAXPEAU?$pair@Vvertex_half_edge@?$scanline_base@H@polygon@boost@@PEAVactive_tail_arbitrary@?$polygon_arbitrary_formation@H@34@@2@_K@Z 000000018000a6b0 f i minkowski.obj
 0001:00009720       ?_Reallocate@?$vector@U?$pair@U?$pair@V?$point_data@H@polygon@boost@@V123@@std@@U?$pair@HH@2@@std@@V?$allocator@U?$pair@U?$pair@V?$point_data@H@polygon@boost@@V123@@std@@U?$pair@HH@2@@std@@@2@@std@@IEAAX_K@Z 000000018000a720 f i minkowski.obj
 0001:00009870       ?_Reallocate@?$vector@U?$pair@Vvertex_half_edge@?$scanline_base@H@polygon@boost@@PEAVactive_tail_arbitrary@?$polygon_arbitrary_formation@H@34@@std@@V?$allocator@U?$pair@Vvertex_half_edge@?$scanline_base@H@polygon@boost@@PEAVactive_tail_arbitrary@?$polygon_arbitrary_formation@H@34@@std@@@2@@std@@IEAAX_K@Z 000000018000a870 f i minkowski.obj
 0001:00009870       ?_Reallocate@?$vector@U?$pair@U?$pair@U?$pair@V?$point_data@H@polygon@boost@@V123@@std@@H@std@@PEAVactive_tail_arbitrary@?$polygon_arbitrary_formation@H@polygon@boost@@@std@@V?$allocator@U?$pair@U?$pair@U?$pair@V?$point_data@H@polygon@boost@@V123@@std@@H@std@@PEAVactive_tail_arbitrary@?$polygon_arbitrary_formation@H@polygon@boost@@@std@@@2@@std@@IEAAX_K@Z 000000018000a870 f i minkowski.obj
 0001:00009990       ?_Splice_same@?$list@PEAVactive_tail_arbitrary@?$polygon_arbitrary_formation@H@polygon@boost@@V?$allocator@PEAVactive_tail_arbitrary@?$polygon_arbitrary_formation@H@polygon@boost@@@std@@@std@@QEAAXV?$_List_const_iterator@V?$_List_val@U?$_List_simple_types@PEAVactive_tail_arbitrary@?$polygon_arbitrary_formation@H@polygon@boost@@@std@@@std@@@2@AEAV12@00_K@Z 000000018000a990 f i minkowski.obj
 0001:00009990       ?_Splice_same@?$list@V?$point_data@H@polygon@boost@@V?$allocator@V?$point_data@H@polygon@boost@@@std@@@std@@QEAAXV?$_List_const_iterator@V?$_List_val@U?$_List_simple_types@V?$point_data@H@polygon@boost@@@std@@@std@@@2@AEAV12@00_K@Z 000000018000a990 f i minkowski.obj
 0001:00009a40       ??$processPoint_@V?$vector@V?$polygon_with_holes_data@H@polygon@boost@@V?$allocator@V?$polygon_with_holes_data@H@polygon@boost@@@std@@@std@@V?$vector@U?$pair@Vvertex_half_edge@?$scanline_base@H@polygon@boost@@PEAVactive_tail_arbitrary@?$polygon_arbitrary_formation@H@34@@std@@V?$allocator@U?$pair@Vvertex_half_edge@?$scanline_base@H@polygon@boost@@PEAVactive_tail_arbitrary@?$polygon_arbitrary_formation@H@34@@std@@@2@@2@@?$polygon_arbitrary_formation@H@polygon@boost@@IEAA?AU?$pair@U?$pair@V?$point_data@H@polygon@boost@@H@std@@PEAVactive_tail_arbitrary@?$polygon_arbitrary_formation@H@polygon@boost@@@std@@AEAV?$vector@V?$polygon_with_holes_data@H@polygon@boost@@V?$allocator@V?$polygon_with_holes_data@H@polygon@boost@@@std@@@4@AEAV?$vector@U?$pair@Vvertex_half_edge@?$scanline_base@H@polygon@boost@@PEAVactive_tail_arbitrary@?$polygon_arbitrary_formation@H@34@@std@@V?$allocator@U?$pair@Vvertex_half_edge@?$scanline_base@H@polygon@boost@@PEAVactive_tail_arbitrary@?$polygon_arbitrary_formation@H@34@@std@@@2@@4@V?$point_data@H@12@AEAV?$vector@U?$pair@U?$pair@U?$pair@V?$point_data@H@polygon@boost@@V123@@std@@H@std@@PEAVactive_tail_arbitrary@?$polygon_arbitrary_formation@H@polygon@boost@@@std@@V?$allocator@U?$pair@U?$pair@U?$pair@V?$point_data@H@polygon@boost@@V123@@std@@H@std@@PEAVactive_tail_arbitrary@?$polygon_arbitrary_formation@H@polygon@boost@@@std@@@2@@4@AEAV?$vector@U?$pair@V?$point_data@H@polygon@boost@@H@std@@V?$allocator@U?$pair@V?$point_data@H@polygon@boost@@H@std@@@2@@4@@Z 000000018000aa40 f i minkowski.obj
 0001:0000ab70       ??$insert@AEAU?$pair@Vvertex_half_edge@?$scanline_base@H@polygon@boost@@PEAVactive_tail_arbitrary@?$polygon_arbitrary_formation@H@34@@std@@X@?$map@Vvertex_half_edge@?$scanline_base@H@polygon@boost@@PEAVactive_tail_arbitrary@?$polygon_arbitrary_formation@H@34@Vless_vertex_half_edge@234@V?$allocator@U?$pair@$$CBVvertex_half_edge@?$scanline_base@H@polygon@boost@@PEAVactive_tail_arbitrary@?$polygon_arbitrary_formation@H@34@@std@@@std@@@std@@QEAA?AV?$_Tree_iterator@V?$_Tree_val@U?$_Tree_simple_types@U?$pair@$$CBVvertex_half_edge@?$scanline_base@H@polygon@boost@@PEAVactive_tail_arbitrary@?$polygon_arbitrary_formation@H@34@@std@@@std@@@std@@@1@V?$_Tree_const_iterator@V?$_Tree_val@U?$_Tree_simple_types@U?$pair@$$CBVvertex_half_edge@?$scanline_base@H@polygon@boost@@PEAVactive_tail_arbitrary@?$polygon_arbitrary_formation@H@34@@std@@@std@@@std@@@1@AEAU?$pair@Vvertex_half_edge@?$scanline_base@H@polygon@boost@@PEAVactive_tail_arbitrary@?$polygon_arbitrary_formation@H@34@@1@@Z 000000018000bb70 f i minkowski.obj
 0001:0000ac30       ??$_Insert@V?$_Vector_const_iterator@V?$_Vector_val@U?$_Simple_types@V?$point_data@H@polygon@boost@@@std@@@std@@@std@@@?$vector@V?$point_data@H@polygon@boost@@V?$allocator@V?$point_data@H@polygon@boost@@@std@@@std@@QEAAXV?$_Vector_const_iterator@V?$_Vector_val@U?$_Simple_types@V?$point_data@H@polygon@boost@@@std@@@std@@@1@00Uforward_iterator_tag@1@@Z 000000018000bc30 f i minkowski.obj
 0001:0000ac30       ??$_Insert@V?$_Vector_iterator@V?$_Vector_val@U?$_Simple_types@V?$point_data@H@polygon@boost@@@std@@@std@@@std@@@?$vector@V?$point_data@H@polygon@boost@@V?$allocator@V?$point_data@H@polygon@boost@@@std@@@std@@QEAAXV?$_Vector_const_iterator@V?$_Vector_val@U?$_Simple_types@V?$point_data@H@polygon@boost@@@std@@@std@@@1@V?$_Vector_iterator@V?$_Vector_val@U?$_Simple_types@V?$point_data@H@polygon@boost@@@std@@@std@@@1@1Uforward_iterator_tag@1@@Z 000000018000bc30 f i minkowski.obj
 0001:0000ade0       ??$validate_scan@V?$_Vector_iterator@V?$_Vector_val@U?$_Simple_types@U?$pair@U?$pair@V?$point_data@H@polygon@boost@@V123@@std@@H@std@@@std@@@std@@@std@@@?$line_intersection@H@polygon@boost@@SAXAEAV?$vector@U?$pair@U?$pair@V?$point_data@H@polygon@boost@@V123@@std@@H@std@@V?$allocator@U?$pair@U?$pair@V?$point_data@H@polygon@boost@@V123@@std@@H@std@@@2@@std@@V?$_Vector_iterator@V?$_Vector_val@U?$_Simple_types@U?$pair@U?$pair@V?$point_data@H@polygon@boost@@V123@@std@@H@std@@@std@@@std@@@4@1@Z 000000018000bde0 f i minkowski.obj
 0001:0000af00       ??$handle_input_events@V?$polygon_set_data@H@polygon@boost@@V?$boolean_output_functor@V?$polygon_set_data@H@polygon@boost@@V?$vector@HV?$allocator@H@std@@@std@@$0A@@?$arbitrary_boolean_op@H@23@V?$_Vector_iterator@V?$_Vector_val@U?$_Simple_types@U?$pair@U?$pair@V?$point_data@H@polygon@boost@@V123@@std@@U?$pair@HH@2@@std@@@std@@@std@@@std@@@?$scanline@HHV?$vector@HV?$allocator@H@std@@@std@@@polygon@boost@@QEAA?AV?$_Vector_iterator@V?$_Vector_val@U?$_Simple_types@U?$pair@U?$pair@V?$point_data@H@polygon@boost@@V123@@std@@U?$pair@HH@2@@std@@@std@@@std@@@std@@AEAV?$polygon_set_data@H@12@V?$boolean_output_functor@V?$polygon_set_data@H@polygon@boost@@V?$vector@HV?$allocator@H@std@@@std@@$0A@@?$arbitrary_boolean_op@H@12@V34@2@Z 000000018000bf00 f i minkowski.obj
 0001:0000ba40       ??$handle_input_events@V?$polygon_set_data@H@polygon@boost@@V?$boolean_output_functor@V?$polygon_set_data@H@polygon@boost@@V?$vector@HV?$allocator@H@std@@@std@@$02@?$arbitrary_boolean_op@H@23@V?$_Vector_iterator@V?$_Vector_val@U?$_Simple_types@U?$pair@U?$pair@V?$point_data@H@polygon@boost@@V123@@std@@U?$pair@HH@2@@std@@@std@@@std@@@std@@@?$scanline@HHV?$vector@HV?$allocator@H@std@@@std@@@polygon@boost@@QEAA?AV?$_Vector_iterator@V?$_Vector_val@U?$_Simple_types@U?$pair@U?$pair@V?$point_data@H@polygon@boost@@V123@@std@@U?$pair@HH@2@@std@@@std@@@std@@@std@@AEAV?$polygon_set_data@H@12@V?$boolean_output_functor@V?$polygon_set_data@H@polygon@boost@@V?$vector@HV?$allocator@H@std@@@std@@$02@?$arbitrary_boolean_op@H@12@V34@2@Z 000000018000ca40 f i minkowski.obj
 0001:0000c580       ??$_Destroy_range1@V?$allocator@U?$pair@U?$pair@V?$point_data@H@polygon@boost@@V123@@std@@V?$vector@U?$pair@HH@std@@V?$allocator@U?$pair@HH@std@@@2@@2@@std@@@std@@PEAU?$pair@U?$pair@V?$point_data@H@polygon@boost@@V123@@std@@V?$vector@U?$pair@HH@std@@V?$allocator@U?$pair@HH@std@@@2@@2@@2@@std@@YAXPEAU?$pair@U?$pair@V?$point_data@H@polygon@boost@@V123@@std@@V?$vector@U?$pair@HH@std@@V?$allocator@U?$pair@HH@std@@@2@@2@@0@0AEAU?$_Wrap_alloc@V?$allocator@U?$pair@U?$pair@V?$point_data@H@polygon@boost@@V123@@std@@V?$vector@U?$pair@HH@std@@V?$allocator@U?$pair@HH@std@@@2@@2@@std@@@std@@@0@U?$integral_constant@_N$0A@@0@@Z 000000018000d580 f i minkowski.obj
 0001:0000c650       ??$_Insert@AEBV?$point_data@H@polygon@boost@@@?$list@V?$point_data@H@polygon@boost@@V?$allocator@V?$point_data@H@polygon@boost@@@std@@@std@@QEAAXV?$_List_unchecked_const_iterator@V?$_List_val@U?$_List_simple_types@V?$point_data@H@polygon@boost@@@std@@@std@@U_Iterator_base0@2@@1@AEBV?$point_data@H@polygon@boost@@@Z 000000018000d650 f i minkowski.obj
 0001:0000c710       ??$_Insert@AEBQEAVactive_tail_arbitrary@?$polygon_arbitrary_formation@H@polygon@boost@@@?$list@PEAVactive_tail_arbitrary@?$polygon_arbitrary_formation@H@polygon@boost@@V?$allocator@PEAVactive_tail_arbitrary@?$polygon_arbitrary_formation@H@polygon@boost@@@std@@@std@@QEAAXV?$_List_unchecked_const_iterator@V?$_List_val@U?$_List_simple_types@PEAVactive_tail_arbitrary@?$polygon_arbitrary_formation@H@polygon@boost@@@std@@@std@@U_Iterator_base0@2@@1@AEBQEAVactive_tail_arbitrary@?$polygon_arbitrary_formation@H@polygon@boost@@@Z 000000018000d710 f i minkowski.obj
 0001:0000c7c0       ??$less_slope@_J@?$scanline_base@H@polygon@boost@@SA_N_J000@Z 000000018000d7c0 f i minkowski.obj
 0001:0000c8e0       ??$equal_slope@_J@?$scanline_base@H@polygon@boost@@SA_N_J000@Z 000000018000d8e0 f i minkowski.obj
 0001:0000c990       ?push_back@?$vector@U?$pair@Vvertex_half_edge@?$scanline_base@H@polygon@boost@@PEAVactive_tail_arbitrary@?$polygon_arbitrary_formation@H@34@@std@@V?$allocator@U?$pair@Vvertex_half_edge@?$scanline_base@H@polygon@boost@@PEAVactive_tail_arbitrary@?$polygon_arbitrary_formation@H@34@@std@@@2@@std@@QEAAX$$QEAU?$pair@Vvertex_half_edge@?$scanline_base@H@polygon@boost@@PEAVactive_tail_arbitrary@?$polygon_arbitrary_formation@H@34@@2@@Z 000000018000d990 f i minkowski.obj
 0001:0000ca20       ?push_back@?$vector@U?$pair@U?$pair@V?$point_data@H@polygon@boost@@V123@@std@@V?$vector@U?$pair@HH@std@@V?$allocator@U?$pair@HH@std@@@2@@2@@std@@V?$allocator@U?$pair@U?$pair@V?$point_data@H@polygon@boost@@V123@@std@@V?$vector@U?$pair@HH@std@@V?$allocator@U?$pair@HH@std@@@2@@2@@std@@@2@@std@@QEAAX$$QEAU?$pair@U?$pair@V?$point_data@H@polygon@boost@@V123@@std@@V?$vector@U?$pair@HH@std@@V?$allocator@U?$pair@HH@std@@@2@@2@@2@@Z 000000018000da20 f i minkowski.obj
 0001:0000cb60       ?update_property_map@?$scanline@HHV?$vector@HV?$allocator@H@std@@@std@@@polygon@boost@@SAXAEAV?$vector@U?$pair@HH@std@@V?$allocator@U?$pair@HH@std@@@2@@std@@AEBU?$pair@HH@5@@Z 000000018000db60 f i minkowski.obj
 0001:0000d220       ?merge_property_maps@?$scanline@HHV?$vector@HV?$allocator@H@std@@@std@@@polygon@boost@@SAXAEAV?$vector@U?$pair@HH@std@@V?$allocator@U?$pair@HH@std@@@2@@std@@AEBV45@@Z 000000018000e220 f i minkowski.obj
 0001:0000da10       ?createActiveTailsAsPair@active_tail_arbitrary@?$polygon_arbitrary_formation@H@polygon@boost@@SA?AU?$pair@PEAVactive_tail_arbitrary@?$polygon_arbitrary_formation@H@polygon@boost@@PEAV1234@@std@@V?$point_data@H@34@_NPEAV1234@1@Z 000000018000ea10 f i minkowski.obj
 0001:0000db40       ?push_back@?$vector@HV?$allocator@H@std@@@std@@QEAAXAEBH@Z 000000018000eb40 f i minkowski.obj
 0001:0000dbd0       ??0?$vector@U?$pair@HH@std@@V?$allocator@U?$pair@HH@std@@@2@@std@@QEAA@AEBV01@@Z 000000018000ebd0 f i minkowski.obj
 0001:0000dca0       ?_Reallocate@?$vector@PEAVactive_tail_arbitrary@?$polygon_arbitrary_formation@H@polygon@boost@@V?$allocator@PEAVactive_tail_arbitrary@?$polygon_arbitrary_formation@H@polygon@boost@@@std@@@std@@IEAAX_K@Z 000000018000eca0 f i minkowski.obj
 0001:0000dd80       ?_Reserve@?$vector@U?$pair@U?$pair@V?$point_data@H@polygon@boost@@V123@@std@@V?$vector@U?$pair@HH@std@@V?$allocator@U?$pair@HH@std@@@2@@2@@std@@V?$allocator@U?$pair@U?$pair@V?$point_data@H@polygon@boost@@V123@@std@@V?$vector@U?$pair@HH@std@@V?$allocator@U?$pair@HH@std@@@2@@2@@std@@@2@@std@@IEAAX_K@Z 000000018000ed80 f i minkowski.obj
 0001:0000de50       ?_Tidy@?$vector@V?$set@V?$point_data@H@polygon@boost@@U?$less@V?$point_data@H@polygon@boost@@@std@@V?$allocator@V?$point_data@H@polygon@boost@@@5@@std@@V?$allocator@V?$set@V?$point_data@H@polygon@boost@@U?$less@V?$point_data@H@polygon@boost@@@std@@V?$allocator@V?$point_data@H@polygon@boost@@@5@@std@@@2@@std@@IEAAXXZ 000000018000ee50 f i minkowski.obj
 0001:0000df30       ??0active_tail_arbitrary@?$polygon_arbitrary_formation@H@polygon@boost@@QEAA@V?$point_data@H@23@PEAV0123@_N@Z 000000018000ef30 f i minkowski.obj
 0001:0000e000       ??Rless_half_edge@?$scanline_base@H@polygon@boost@@QEBA_NAEBU?$pair@V?$point_data@H@polygon@boost@@V123@@std@@0@Z 000000018000f000 f i minkowski.obj
 0001:0000e000       ??Rless_vertex_half_edge@?$scanline_base@H@polygon@boost@@QEBA_NAEBVvertex_half_edge@123@0@Z 000000018000f000 f i minkowski.obj
 0001:0000e230       ?_Reserve@?$vector@HV?$allocator@H@std@@@std@@IEAAX_K@Z 000000018000f230 f i minkowski.obj
 0001:0000e2c0       ?_Reallocate@?$vector@HV?$allocator@H@std@@@std@@IEAAX_K@Z 000000018000f2c0 f i minkowski.obj
 0001:0000e3a0       ?_Reallocate@?$vector@U?$pair@U?$pair@V?$point_data@H@polygon@boost@@V123@@std@@V?$vector@U?$pair@HH@std@@V?$allocator@U?$pair@HH@std@@@2@@2@@std@@V?$allocator@U?$pair@U?$pair@V?$point_data@H@polygon@boost@@V123@@std@@V?$vector@U?$pair@HH@std@@V?$allocator@U?$pair@HH@std@@@2@@2@@std@@@2@@std@@IEAAX_K@Z 000000018000f3a0 f i minkowski.obj
 0001:0000e4d0       ??$joinChains@V?$vector@V?$polygon_with_holes_data@H@polygon@boost@@V?$allocator@V?$polygon_with_holes_data@H@polygon@boost@@@std@@@std@@@active_tail_arbitrary@?$polygon_arbitrary_formation@H@polygon@boost@@SAPEAV0123@V?$point_data@H@23@PEAV0123@1_NAEAV?$vector@V?$polygon_with_holes_data@H@polygon@boost@@V?$allocator@V?$polygon_with_holes_data@H@polygon@boost@@@std@@@std@@@Z 000000018000f4d0 f i minkowski.obj
 0001:0000e690       ??$validate_scan_divide_and_conquer@V?$_Vector_iterator@V?$_Vector_val@U?$_Simple_types@U?$pair@U?$pair@V?$point_data@H@polygon@boost@@V123@@std@@H@std@@@std@@@std@@@std@@@?$line_intersection@H@polygon@boost@@SAXAEAV?$vector@V?$set@V?$point_data@H@polygon@boost@@U?$less@V?$point_data@H@polygon@boost@@@std@@V?$allocator@V?$point_data@H@polygon@boost@@@5@@std@@V?$allocator@V?$set@V?$point_data@H@polygon@boost@@U?$less@V?$point_data@H@polygon@boost@@@std@@V?$allocator@V?$point_data@H@polygon@boost@@@5@@std@@@2@@std@@V?$_Vector_iterator@V?$_Vector_val@U?$_Simple_types@U?$pair@U?$pair@V?$point_data@H@polygon@boost@@V123@@std@@H@std@@@std@@@std@@@4@1@Z 000000018000f690 f i minkowski.obj
 0001:0000ec60       ??$segment_intersections@V?$_Vector_iterator@V?$_Vector_val@U?$_Simple_types@U?$pair@U?$pair@V?$point_data@H@polygon@boost@@V123@@std@@H@std@@@std@@@std@@@std@@@?$line_intersection@H@polygon@boost@@SAXAEAV?$vector@U?$pair@U?$pair@V?$point_data@H@polygon@boost@@V123@@std@@H@std@@V?$allocator@U?$pair@U?$pair@V?$point_data@H@polygon@boost@@V123@@std@@H@std@@@2@@std@@AEAV?$vector@V?$set@V?$point_data@H@polygon@boost@@U?$less@V?$point_data@H@polygon@boost@@@std@@V?$allocator@V?$point_data@H@polygon@boost@@@5@@std@@V?$allocator@V?$set@V?$point_data@H@polygon@boost@@U?$less@V?$point_data@H@polygon@boost@@@std@@V?$allocator@V?$point_data@H@polygon@boost@@@5@@std@@@2@@4@V?$_Vector_iterator@V?$_Vector_val@U?$_Simple_types@U?$pair@U?$pair@V?$point_data@H@polygon@boost@@V123@@std@@H@std@@@std@@@std@@@4@2@Z 000000018000fc60 f i minkowski.obj
 0001:0000ee30       ??$write_out@V?$polygon_set_data@H@polygon@boost@@V?$boolean_output_functor@V?$polygon_set_data@H@polygon@boost@@V?$vector@HV?$allocator@H@std@@@std@@$0A@@?$arbitrary_boolean_op@H@23@@?$scanline@HHV?$vector@HV?$allocator@H@std@@@std@@@polygon@boost@@QEAAXAEAV?$polygon_set_data@H@12@V?$boolean_output_functor@V?$polygon_set_data@H@polygon@boost@@V?$vector@HV?$allocator@H@std@@@std@@$0A@@?$arbitrary_boolean_op@H@12@AEBU?$pair@V?$point_data@H@polygon@boost@@V123@@std@@AEBV?$vector@U?$pair@HH@std@@V?$allocator@U?$pair@HH@std@@@2@@7@3@Z 000000018000fe30 f i minkowski.obj
 0001:0000f010       ??$write_out@V?$polygon_set_data@H@polygon@boost@@V?$boolean_output_functor@V?$polygon_set_data@H@polygon@boost@@V?$vector@HV?$allocator@H@std@@@std@@$02@?$arbitrary_boolean_op@H@23@@?$scanline@HHV?$vector@HV?$allocator@H@std@@@std@@@polygon@boost@@QEAAXAEAV?$polygon_set_data@H@12@V?$boolean_output_functor@V?$polygon_set_data@H@polygon@boost@@V?$vector@HV?$allocator@H@std@@@std@@$02@?$arbitrary_boolean_op@H@12@AEBU?$pair@V?$point_data@H@polygon@boost@@V123@@std@@AEBV?$vector@U?$pair@HH@std@@V?$allocator@U?$pair@HH@std@@@2@@7@3@Z 0000000180010010 f i minkowski.obj
 0001:0000f210       ??$_Insert_nohint@AEBV?$point_data@H@polygon@boost@@U_Nil@std@@@?$_Tree@V?$_Tset_traits@V?$point_data@H@polygon@boost@@Vless_point@?$scanline_base@H@23@V?$allocator@V?$point_data@H@polygon@boost@@@std@@$0A@@std@@@std@@IEAA?AU?$pair@V?$_Tree_const_iterator@V?$_Tree_val@U?$_Tree_simple_types@V?$point_data@H@polygon@boost@@@std@@@std@@@std@@_N@1@_NAEBV?$point_data@H@polygon@boost@@U_Nil@1@@Z 0000000180010210 f i minkowski.obj
 0001:0000f360       ??$_Uninitialized_default_fill_n@PEAV?$set@V?$point_data@H@polygon@boost@@U?$less@V?$point_data@H@polygon@boost@@@std@@V?$allocator@V?$point_data@H@polygon@boost@@@5@@std@@_KV?$allocator@V?$set@V?$point_data@H@polygon@boost@@U?$less@V?$point_data@H@polygon@boost@@@std@@V?$allocator@V?$point_data@H@polygon@boost@@@5@@std@@@2@@std@@YAXPEAV?$set@V?$point_data@H@polygon@boost@@U?$less@V?$point_data@H@polygon@boost@@@std@@V?$allocator@V?$point_data@H@polygon@boost@@@5@@0@_KAEAU?$_Wrap_alloc@V?$allocator@V?$set@V?$point_data@H@polygon@boost@@U?$less@V?$point_data@H@polygon@boost@@@std@@V?$allocator@V?$point_data@H@polygon@boost@@@5@@std@@@std@@@0@@Z 0000000180010360 f i minkowski.obj
 0001:0000f3e0       ??$less_slope@H@?$scanline_base@H@polygon@boost@@SA_NHHHH@Z 00000001800103e0 f i minkowski.obj
 0001:0000f4d0       ??4?$vector@U?$pair@U?$pair@V?$point_data@H@polygon@boost@@V123@@std@@H@std@@V?$allocator@U?$pair@U?$pair@V?$point_data@H@polygon@boost@@V123@@std@@H@std@@@2@@std@@QEAAAEAV01@$$QEAV01@@Z 00000001800104d0 f i minkowski.obj
 0001:0000f560       ?push_back@?$vector@V?$polygon_with_holes_data@H@polygon@boost@@V?$allocator@V?$polygon_with_holes_data@H@polygon@boost@@@std@@@std@@QEAAX$$QEAV?$polygon_with_holes_data@H@polygon@boost@@@Z 0000000180010560 f i minkowski.obj
 0001:0000f630       ?_Reserve@?$vector@V?$polygon_with_holes_data@H@polygon@boost@@V?$allocator@V?$polygon_with_holes_data@H@polygon@boost@@@std@@@std@@IEAAX_K@Z 0000000180010630 f i minkowski.obj
 0001:0000f700       ?erase@?$_Tree@V?$_Tmap_traits@HV?$vector@U?$pair@U?$pair@V?$point_data@H@polygon@boost@@V123@@std@@H@std@@V?$allocator@U?$pair@U?$pair@V?$point_data@H@polygon@boost@@V123@@std@@H@std@@@2@@std@@U?$less@H@2@V?$allocator@U?$pair@$$CBHV?$vector@U?$pair@U?$pair@V?$point_data@H@polygon@boost@@V123@@std@@H@std@@V?$allocator@U?$pair@U?$pair@V?$point_data@H@polygon@boost@@V123@@std@@H@std@@@2@@std@@@std@@@2@$0A@@std@@@std@@QEAA?AV?$_Tree_iterator@V?$_Tree_val@U?$_Tree_simple_types@U?$pair@$$CBHV?$vector@U?$pair@U?$pair@V?$point_data@H@polygon@boost@@V123@@std@@H@std@@V?$allocator@U?$pair@U?$pair@V?$point_data@H@polygon@boost@@V123@@std@@H@std@@@2@@std@@@std@@@std@@@std@@@2@V?$_Tree_const_iterator@V?$_Tree_val@U?$_Tree_simple_types@U?$pair@$$CBHV?$vector@U?$pair@U?$pair@V?$point_data@H@polygon@boost@@V123@@std@@H@std@@V?$allocator@U?$pair@U?$pair@V?$point_data@H@polygon@boost@@V123@@std@@H@std@@@2@@std@@@std@@@std@@@std@@@2@0@Z 0000000180010700 f i minkowski.obj
 0001:0000f800       ?_Reallocate@?$vector@V?$polygon_with_holes_data@H@polygon@boost@@V?$allocator@V?$polygon_with_holes_data@H@polygon@boost@@@std@@@std@@IEAAX_K@Z 0000000180010800 f i minkowski.obj
 0001:0000f950       ?erase@?$_Tree@V?$_Tmap_traits@HV?$vector@U?$pair@U?$pair@V?$point_data@H@polygon@boost@@V123@@std@@H@std@@V?$allocator@U?$pair@U?$pair@V?$point_data@H@polygon@boost@@V123@@std@@H@std@@@2@@std@@U?$less@H@2@V?$allocator@U?$pair@$$CBHV?$vector@U?$pair@U?$pair@V?$point_data@H@polygon@boost@@V123@@std@@H@std@@V?$allocator@U?$pair@U?$pair@V?$point_data@H@polygon@boost@@V123@@std@@H@std@@@2@@std@@@std@@@2@$0A@@std@@@std@@QEAA?AV?$_Tree_iterator@V?$_Tree_val@U?$_Tree_simple_types@U?$pair@$$CBHV?$vector@U?$pair@U?$pair@V?$point_data@H@polygon@boost@@V123@@std@@H@std@@V?$allocator@U?$pair@U?$pair@V?$point_data@H@polygon@boost@@V123@@std@@H@std@@@2@@std@@@std@@@std@@@std@@@2@V?$_Tree_const_iterator@V?$_Tree_val@U?$_Tree_simple_types@U?$pair@$$CBHV?$vector@U?$pair@U?$pair@V?$point_data@H@polygon@boost@@V123@@std@@H@std@@V?$allocator@U?$pair@U?$pair@V?$point_data@H@polygon@boost@@V123@@std@@H@std@@@2@@std@@@std@@@std@@@std@@@2@@Z 0000000180010950 f i minkowski.obj
 0001:0000fe10       ?_Erase@?$_Tree@V?$_Tmap_traits@HV?$vector@U?$pair@U?$pair@V?$point_data@H@polygon@boost@@V123@@std@@H@std@@V?$allocator@U?$pair@U?$pair@V?$point_data@H@polygon@boost@@V123@@std@@H@std@@@2@@std@@U?$less@H@2@V?$allocator@U?$pair@$$CBHV?$vector@U?$pair@U?$pair@V?$point_data@H@polygon@boost@@V123@@std@@H@std@@V?$allocator@U?$pair@U?$pair@V?$point_data@H@polygon@boost@@V123@@std@@H@std@@@2@@std@@@std@@@2@$0A@@std@@@std@@IEAAXPEAU?$_Tree_node@U?$pair@$$CBHV?$vector@U?$pair@U?$pair@V?$point_data@H@polygon@boost@@V123@@std@@H@std@@V?$allocator@U?$pair@U?$pair@V?$point_data@H@polygon@boost@@V123@@std@@H@std@@@2@@std@@@std@@PEAX@2@@Z 0000000180010e10 f i minkowski.obj
 0001:0000ff20       ??$_Insert_hint@AEAU?$pair@$$CBVvertex_half_edge@?$scanline_base@H@polygon@boost@@PEAVactive_tail_arbitrary@?$polygon_arbitrary_formation@H@34@@std@@PEAU?$_Tree_node@U?$pair@$$CBVvertex_half_edge@?$scanline_base@H@polygon@boost@@PEAVactive_tail_arbitrary@?$polygon_arbitrary_formation@H@34@@std@@PEAX@2@@?$_Tree@V?$_Tmap_traits@Vvertex_half_edge@?$scanline_base@H@polygon@boost@@PEAVactive_tail_arbitrary@?$polygon_arbitrary_formation@H@34@Vless_vertex_half_edge@234@V?$allocator@U?$pair@$$CBVvertex_half_edge@?$scanline_base@H@polygon@boost@@PEAVactive_tail_arbitrary@?$polygon_arbitrary_formation@H@34@@std@@@std@@$0A@@std@@@std@@IEAA?AV?$_Tree_iterator@V?$_Tree_val@U?$_Tree_simple_types@U?$pair@$$CBVvertex_half_edge@?$scanline_base@H@polygon@boost@@PEAVactive_tail_arbitrary@?$polygon_arbitrary_formation@H@34@@std@@@std@@@std@@@1@V?$_Tree_const_iterator@V?$_Tree_val@U?$_Tree_simple_types@U?$pair@$$CBVvertex_half_edge@?$scanline_base@H@polygon@boost@@PEAVactive_tail_arbitrary@?$polygon_arbitrary_formation@H@34@@std@@@std@@@std@@@1@AEAU?$pair@$$CBVvertex_half_edge@?$scanline_base@H@polygon@boost@@PEAVactive_tail_arbitrary@?$polygon_arbitrary_formation@H@34@@1@PEAU?$_Tree_node@U?$pair@$$CBVvertex_half_edge@?$scanline_base@H@polygon@boost@@PEAVactive_tail_arbitrary@?$polygon_arbitrary_formation@H@34@@std@@PEAX@1@@Z 0000000180010f20 f i minkowski.obj
 0001:000101c0       ??$compute_histogram_in_y@V?$_Vector_iterator@V?$_Vector_val@U?$_Simple_types@U?$pair@U?$pair@V?$point_data@H@polygon@boost@@V123@@std@@H@std@@@std@@@std@@@std@@@?$line_intersection@H@polygon@boost@@SAXV?$_Vector_iterator@V?$_Vector_val@U?$_Simple_types@U?$pair@U?$pair@V?$point_data@H@polygon@boost@@V123@@std@@H@std@@@std@@@std@@@std@@0_KAEAV?$vector@U?$pair@HU?$pair@_K_K@std@@@std@@V?$allocator@U?$pair@HU?$pair@_K_K@std@@@std@@@2@@4@@Z 00000001800111c0 f i minkowski.obj
 0001:000107e0       ??$compute_y_cuts@V?$_Vector_iterator@V?$_Vector_val@U?$_Simple_types@U?$pair@HU?$pair@_K_K@std@@@std@@@std@@@std@@@std@@@?$line_intersection@H@polygon@boost@@SAXAEAV?$vector@HV?$allocator@H@std@@@std@@V?$_Vector_iterator@V?$_Vector_val@U?$_Simple_types@U?$pair@HU?$pair@_K_K@std@@@std@@@std@@@std@@@4@1_K@Z 00000001800117e0 f i minkowski.obj
 0001:00010900       ??$validate_scan@V?$_Vector_iterator@V?$_Vector_val@U?$_Simple_types@U?$pair@U?$pair@V?$point_data@H@polygon@boost@@V123@@std@@H@std@@@std@@@std@@@std@@@?$line_intersection@H@polygon@boost@@SAXAEAV?$vector@V?$set@V?$point_data@H@polygon@boost@@U?$less@V?$point_data@H@polygon@boost@@@std@@V?$allocator@V?$point_data@H@polygon@boost@@@5@@std@@V?$allocator@V?$set@V?$point_data@H@polygon@boost@@U?$less@V?$point_data@H@polygon@boost@@@std@@V?$allocator@V?$point_data@H@polygon@boost@@@5@@std@@@2@@std@@V?$_Vector_iterator@V?$_Vector_val@U?$_Simple_types@U?$pair@U?$pair@V?$point_data@H@polygon@boost@@V123@@std@@H@std@@@std@@@std@@@4@1H@Z 0000000180011900 f i minkowski.obj
 0001:00011510       ??$segment_edge@V?$_Vector_iterator@V?$_Vector_val@U?$_Simple_types@V?$point_data@H@polygon@boost@@@std@@@std@@@std@@@?$line_intersection@H@polygon@boost@@SAXAEAV?$vector@U?$pair@U?$pair@V?$point_data@H@polygon@boost@@V123@@std@@H@std@@V?$allocator@U?$pair@U?$pair@V?$point_data@H@polygon@boost@@V123@@std@@H@std@@@2@@std@@AEBU?$pair@V?$point_data@H@polygon@boost@@V123@@4@HV?$_Vector_iterator@V?$_Vector_val@U?$_Simple_types@V?$point_data@H@polygon@boost@@@std@@@std@@@4@2@Z 0000000180012510 f i minkowski.obj
 0001:00011680       ??$segment_edge@V?$_Tree_const_iterator@V?$_Tree_val@U?$_Tree_simple_types@V?$point_data@H@polygon@boost@@@std@@@std@@@std@@@?$line_intersection@H@polygon@boost@@SAXAEAV?$vector@U?$pair@U?$pair@V?$point_data@H@polygon@boost@@V123@@std@@H@std@@V?$allocator@U?$pair@U?$pair@V?$point_data@H@polygon@boost@@V123@@std@@H@std@@@2@@std@@AEBU?$pair@V?$point_data@H@polygon@boost@@V123@@4@HV?$_Tree_const_iterator@V?$_Tree_val@U?$_Tree_simple_types@V?$point_data@H@polygon@boost@@@std@@@std@@@4@2@Z 0000000180012680 f i minkowski.obj
 0001:000118a0       ??$_Insert_nohint@AEAU?$pair@$$CBU?$pair@V?$point_data@H@polygon@boost@@V123@@std@@V?$vector@U?$pair@HH@std@@V?$allocator@U?$pair@HH@std@@@2@@2@@std@@PEAU?$_Tree_node@U?$pair@$$CBU?$pair@V?$point_data@H@polygon@boost@@V123@@std@@V?$vector@U?$pair@HH@std@@V?$allocator@U?$pair@HH@std@@@2@@2@@std@@PEAX@2@@?$_Tree@V?$_Tmap_traits@U?$pair@V?$point_data@H@polygon@boost@@V123@@std@@V?$vector@U?$pair@HH@std@@V?$allocator@U?$pair@HH@std@@@2@@2@Vless_half_edge@?$scanline_base@H@polygon@boost@@V?$allocator@U?$pair@$$CBU?$pair@V?$point_data@H@polygon@boost@@V123@@std@@V?$vector@U?$pair@HH@std@@V?$allocator@U?$pair@HH@std@@@2@@2@@std@@@2@$0A@@std@@@std@@IEAA?AU?$pair@V?$_Tree_iterator@V?$_Tree_val@U?$_Tree_simple_types@U?$pair@$$CBU?$pair@V?$point_data@H@polygon@boost@@V123@@std@@V?$vector@U?$pair@HH@std@@V?$allocator@U?$pair@HH@std@@@2@@2@@std@@@std@@@std@@@std@@_N@1@_NAEAU?$pair@$$CBU?$pair@V?$point_data@H@polygon@boost@@V123@@std@@V?$vector@U?$pair@HH@std@@V?$allocator@U?$pair@HH@std@@@2@@2@@1@PEAU?$_Tree_node@U?$pair@$$CBU?$pair@V?$point_data@H@polygon@boost@@V123@@std@@V?$vector@U?$pair@HH@std@@V?$allocator@U?$pair@HH@std@@@2@@2@@std@@PEAX@1@@Z 00000001800128a0 f i minkowski.obj
 0001:00011a10       ??$_Insert_at@AEBV?$point_data@H@polygon@boost@@U_Nil@std@@@?$_Tree@V?$_Tset_traits@V?$point_data@H@polygon@boost@@Vless_point@?$scanline_base@H@23@V?$allocator@V?$point_data@H@polygon@boost@@@std@@$0A@@std@@@std@@IEAA?AV?$_Tree_const_iterator@V?$_Tree_val@U?$_Tree_simple_types@V?$point_data@H@polygon@boost@@@std@@@std@@@1@_NPEAU?$_Tree_node@V?$point_data@H@polygon@boost@@PEAX@1@AEBV?$point_data@H@polygon@boost@@U_Nil@1@@Z 0000000180012a10 f i minkowski.obj
 0001:00011a10       ??$_Insert_at@AEBV?$point_data@H@polygon@boost@@U_Nil@std@@@?$_Tree@V?$_Tset_traits@V?$point_data@H@polygon@boost@@U?$less@V?$point_data@H@polygon@boost@@@std@@V?$allocator@V?$point_data@H@polygon@boost@@@5@$0A@@std@@@std@@IEAA?AV?$_Tree_const_iterator@V?$_Tree_val@U?$_Tree_simple_types@V?$point_data@H@polygon@boost@@@std@@@std@@@1@_NPEAU?$_Tree_node@V?$point_data@H@polygon@boost@@PEAX@1@AEBV?$point_data@H@polygon@boost@@U_Nil@1@@Z 0000000180012a10 f i minkowski.obj
 0001:00011d20       ?intersects_grid@?$scanline_base@H@polygon@boost@@SA_NV?$point_data@H@23@AEBU?$pair@V?$point_data@H@polygon@boost@@V123@@std@@@Z 0000000180012d20 f i minkowski.obj
 0001:00011f10       ?_Reserve@?$vector@U?$pair@HU?$pair@_K_K@std@@@std@@V?$allocator@U?$pair@HU?$pair@_K_K@std@@@std@@@2@@std@@IEAAX_K@Z 0000000180012f10 f i minkowski.obj
 0001:00011fe0       ?_Reallocate@?$vector@U?$pair@HU?$pair@_K_K@std@@@std@@V?$allocator@U?$pair@HU?$pair@_K_K@std@@@std@@@2@@std@@IEAAX_K@Z 0000000180012fe0 f i minkowski.obj
 0001:00012120       ?compute_exact_intersection@compute_intersection_pack@?$scanline_base@H@polygon@boost@@QEAA_NAEAV?$point_data@H@34@AEBU?$pair@V?$point_data@H@polygon@boost@@V123@@std@@1_N2@Z 0000000180013120 f i minkowski.obj
 0001:000125b0       ?compute_lazy_intersection@compute_intersection_pack@?$scanline_base@H@polygon@boost@@SA_NAEAV?$point_data@H@34@AEBU?$pair@V?$point_data@H@polygon@boost@@V123@@std@@1_N2@Z 00000001800135b0 f i minkowski.obj
 0001:00012950       ?intersects@?$scanline_base@H@polygon@boost@@SA_NAEBU?$pair@V?$point_data@H@polygon@boost@@V123@@std@@0@Z 0000000180013950 f i minkowski.obj
 0001:00012cc0       ??$_Sort_unchecked1@PEAVvertex_half_edge@?$scanline_base@H@polygon@boost@@_JU?$less@X@std@@@std@@YAXPEAVvertex_half_edge@?$scanline_base@H@polygon@boost@@0_JAEAU?$less@X@0@@Z 0000000180013cc0 f i minkowski.obj
 0001:00012e30       ??$_Insert_at@AEAU?$pair@$$CBVvertex_half_edge@?$scanline_base@H@polygon@boost@@PEAVactive_tail_arbitrary@?$polygon_arbitrary_formation@H@34@@std@@PEAU?$_Tree_node@U?$pair@$$CBVvertex_half_edge@?$scanline_base@H@polygon@boost@@PEAVactive_tail_arbitrary@?$polygon_arbitrary_formation@H@34@@std@@PEAX@2@@?$_Tree@V?$_Tmap_traits@Vvertex_half_edge@?$scanline_base@H@polygon@boost@@PEAVactive_tail_arbitrary@?$polygon_arbitrary_formation@H@34@Vless_vertex_half_edge@234@V?$allocator@U?$pair@$$CBVvertex_half_edge@?$scanline_base@H@polygon@boost@@PEAVactive_tail_arbitrary@?$polygon_arbitrary_formation@H@34@@std@@@std@@$0A@@std@@@std@@IEAA?AV?$_Tree_iterator@V?$_Tree_val@U?$_Tree_simple_types@U?$pair@$$CBVvertex_half_edge@?$scanline_base@H@polygon@boost@@PEAVactive_tail_arbitrary@?$polygon_arbitrary_formation@H@34@@std@@@std@@@std@@@1@_NPEAU?$_Tree_node@U?$pair@$$CBVvertex_half_edge@?$scanline_base@H@polygon@boost@@PEAVactive_tail_arbitrary@?$polygon_arbitrary_formation@H@34@@std@@PEAX@1@AEAU?$pair@$$CBVvertex_half_edge@?$scanline_base@H@polygon@boost@@PEAVactive_tail_arbitrary@?$polygon_arbitrary_formation@H@34@@1@1@Z 0000000180013e30 f i minkowski.obj
 0001:000130f0       ??$_Insert_nohint@AEAU?$pair@$$CBVvertex_half_edge@?$scanline_base@H@polygon@boost@@PEAVactive_tail_arbitrary@?$polygon_arbitrary_formation@H@34@@std@@PEAU?$_Tree_node@U?$pair@$$CBVvertex_half_edge@?$scanline_base@H@polygon@boost@@PEAVactive_tail_arbitrary@?$polygon_arbitrary_formation@H@34@@std@@PEAX@2@@?$_Tree@V?$_Tmap_traits@Vvertex_half_edge@?$scanline_base@H@polygon@boost@@PEAVactive_tail_arbitrary@?$polygon_arbitrary_formation@H@34@Vless_vertex_half_edge@234@V?$allocator@U?$pair@$$CBVvertex_half_edge@?$scanline_base@H@polygon@boost@@PEAVactive_tail_arbitrary@?$polygon_arbitrary_formation@H@34@@std@@@std@@$0A@@std@@@std@@IEAA?AU?$pair@V?$_Tree_iterator@V?$_Tree_val@U?$_Tree_simple_types@U?$pair@$$CBVvertex_half_edge@?$scanline_base@H@polygon@boost@@PEAVactive_tail_arbitrary@?$polygon_arbitrary_formation@H@34@@std@@@std@@@std@@@std@@_N@1@_NAEAU?$pair@$$CBVvertex_half_edge@?$scanline_base@H@polygon@boost@@PEAVactive_tail_arbitrary@?$polygon_arbitrary_formation@H@34@@1@PEAU?$_Tree_node@U?$pair@$$CBVvertex_half_edge@?$scanline_base@H@polygon@boost@@PEAVactive_tail_arbitrary@?$polygon_arbitrary_formation@H@34@@std@@PEAX@1@@Z 00000001800140f0 f i minkowski.obj
 0001:00013240       ??$_Rotate_unchecked1@PEAV?$point_data@H@polygon@boost@@@std@@YAPEAV?$point_data@H@polygon@boost@@PEAV123@00Urandom_access_iterator_tag@0@@Z 0000000180014240 f i minkowski.obj
 0001:00013330       ??$_Insert@V?$_Tree_const_iterator@V?$_Tree_val@U?$_Tree_simple_types@V?$point_data@H@polygon@boost@@@std@@@std@@@std@@@?$vector@V?$point_data@H@polygon@boost@@V?$allocator@V?$point_data@H@polygon@boost@@@std@@@std@@QEAAXV?$_Vector_const_iterator@V?$_Vector_val@U?$_Simple_types@V?$point_data@H@polygon@boost@@@std@@@std@@@1@V?$_Tree_const_iterator@V?$_Tree_val@U?$_Tree_simple_types@V?$point_data@H@polygon@boost@@@std@@@std@@@1@1Uforward_iterator_tag@1@@Z 0000000180014330 f i minkowski.obj
 0001:000134b0       ??$_Sort_unchecked1@PEAU?$pair@U?$pair@V?$point_data@H@polygon@boost@@V123@@std@@U?$pair@HH@2@@std@@_JV?$less_vertex_data@U?$pair@U?$pair@V?$point_data@H@polygon@boost@@V123@@std@@U?$pair@HH@2@@std@@@?$arbitrary_boolean_op@H@polygon@boost@@@std@@YAXPEAU?$pair@U?$pair@V?$point_data@H@polygon@boost@@V123@@std@@U?$pair@HH@2@@0@0_JAEAV?$less_vertex_data@U?$pair@U?$pair@V?$point_data@H@polygon@boost@@V123@@std@@U?$pair@HH@2@@std@@@?$arbitrary_boolean_op@H@polygon@boost@@@Z 00000001800144b0 f i minkowski.obj
 0001:00013630       ??$_Insert_at@AEAU?$pair@$$CBU?$pair@V?$point_data@H@polygon@boost@@V123@@std@@V?$vector@U?$pair@HH@std@@V?$allocator@U?$pair@HH@std@@@2@@2@@std@@PEAU?$_Tree_node@U?$pair@$$CBU?$pair@V?$point_data@H@polygon@boost@@V123@@std@@V?$vector@U?$pair@HH@std@@V?$allocator@U?$pair@HH@std@@@2@@2@@std@@PEAX@2@@?$_Tree@V?$_Tmap_traits@U?$pair@V?$point_data@H@polygon@boost@@V123@@std@@V?$vector@U?$pair@HH@std@@V?$allocator@U?$pair@HH@std@@@2@@2@Vless_half_edge@?$scanline_base@H@polygon@boost@@V?$allocator@U?$pair@$$CBU?$pair@V?$point_data@H@polygon@boost@@V123@@std@@V?$vector@U?$pair@HH@std@@V?$allocator@U?$pair@HH@std@@@2@@2@@std@@@2@$0A@@std@@@std@@IEAA?AV?$_Tree_iterator@V?$_Tree_val@U?$_Tree_simple_types@U?$pair@$$CBU?$pair@V?$point_data@H@polygon@boost@@V123@@std@@V?$vector@U?$pair@HH@std@@V?$allocator@U?$pair@HH@std@@@2@@2@@std@@@std@@@std@@@1@_NPEAU?$_Tree_node@U?$pair@$$CBU?$pair@V?$point_data@H@polygon@boost@@V123@@std@@V?$vector@U?$pair@HH@std@@V?$allocator@U?$pair@HH@std@@@2@@2@@std@@PEAX@1@AEAU?$pair@$$CBU?$pair@V?$point_data@H@polygon@boost@@V123@@std@@V?$vector@U?$pair@HH@std@@V?$allocator@U?$pair@HH@std@@@2@@2@@1@1@Z 0000000180014630 f i minkowski.obj
 0001:00013910       ??$_Uninitialized_move_al_unchecked@PEAU?$pair@U?$pair@V?$point_data@H@polygon@boost@@V123@@std@@V?$vector@U?$pair@HH@std@@V?$allocator@U?$pair@HH@std@@@2@@2@@std@@PEAU12@V?$allocator@U?$pair@U?$pair@V?$point_data@H@polygon@boost@@V123@@std@@V?$vector@U?$pair@HH@std@@V?$allocator@U?$pair@HH@std@@@2@@2@@std@@@2@@std@@YAPEAU?$pair@U?$pair@V?$point_data@H@polygon@boost@@V123@@std@@V?$vector@U?$pair@HH@std@@V?$allocator@U?$pair@HH@std@@@2@@2@@0@PEAU10@00AEAU?$_Wrap_alloc@V?$allocator@U?$pair@U?$pair@V?$point_data@H@polygon@boost@@V123@@std@@V?$vector@U?$pair@HH@std@@V?$allocator@U?$pair@HH@std@@@2@@2@@std@@@std@@@0@@Z 0000000180014910 f i minkowski.obj
 0001:000139a0       ??$_Try_emplace@AEBH$$V@?$map@HV?$vector@U?$pair@U?$pair@V?$point_data@H@polygon@boost@@V123@@std@@H@std@@V?$allocator@U?$pair@U?$pair@V?$point_data@H@polygon@boost@@V123@@std@@H@std@@@2@@std@@U?$less@H@2@V?$allocator@U?$pair@$$CBHV?$vector@U?$pair@U?$pair@V?$point_data@H@polygon@boost@@V123@@std@@H@std@@V?$allocator@U?$pair@U?$pair@V?$point_data@H@polygon@boost@@V123@@std@@H@std@@@2@@std@@@std@@@2@@std@@QEAA?AU?$pair@V?$_Tree_iterator@V?$_Tree_val@U?$_Tree_simple_types@U?$pair@$$CBHV?$vector@U?$pair@U?$pair@V?$point_data@H@polygon@boost@@V123@@std@@H@std@@V?$allocator@U?$pair@U?$pair@V?$point_data@H@polygon@boost@@V123@@std@@H@std@@@2@@std@@@std@@@std@@@std@@@std@@_N@1@AEBH@Z 00000001800149a0 f i minkowski.obj
 0001:00013a90       ??$_Partition_by_median_guess_unchecked@PEAVvertex_half_edge@?$scanline_base@H@polygon@boost@@U?$less@X@std@@@std@@YA?AU?$pair@PEAVvertex_half_edge@?$scanline_base@H@polygon@boost@@PEAV1234@@0@PEAVvertex_half_edge@?$scanline_base@H@polygon@boost@@0AEAU?$less@X@0@@Z 0000000180014a90 f i minkowski.obj
 0001:00014030       ??$_Make_heap_unchecked@PEAVvertex_half_edge@?$scanline_base@H@polygon@boost@@U?$less@X@std@@@std@@YAXPEAVvertex_half_edge@?$scanline_base@H@polygon@boost@@0AEAU?$less@X@0@@Z 0000000180015030 f i minkowski.obj
 0001:00014110       ??$_Sort_heap_unchecked@PEAVvertex_half_edge@?$scanline_base@H@polygon@boost@@U?$less@X@std@@@std@@YAXPEAVvertex_half_edge@?$scanline_base@H@polygon@boost@@0AEAU?$less@X@0@@Z 0000000180015110 f i minkowski.obj
 0001:00014240       ??$_Insertion_sort_unchecked@PEAVvertex_half_edge@?$scanline_base@H@polygon@boost@@U?$less@X@std@@@std@@YAXPEAVvertex_half_edge@?$scanline_base@H@polygon@boost@@0AEAU?$less@X@0@@Z 0000000180015240 f i minkowski.obj
 0001:00014460       ??$set_holes@Viterator_holes_type@?$poly_line_arbitrary_polygon_data@H@polygon@boost@@@?$polygon_with_holes_data@H@polygon@boost@@QEAAAEAV012@Viterator_holes_type@?$poly_line_arbitrary_polygon_data@H@12@0@Z 0000000180015460 f i minkowski.obj
 0001:000145a0       ??$_Insert_nohint@AEBV?$point_data@H@polygon@boost@@U_Nil@std@@@?$_Tree@V?$_Tset_traits@V?$point_data@H@polygon@boost@@U?$less@V?$point_data@H@polygon@boost@@@std@@V?$allocator@V?$point_data@H@polygon@boost@@@5@$0A@@std@@@std@@IEAA?AU?$pair@V?$_Tree_const_iterator@V?$_Tree_val@U?$_Tree_simple_types@V?$point_data@H@polygon@boost@@@std@@@std@@@std@@_N@1@_NAEBV?$point_data@H@polygon@boost@@U_Nil@1@@Z 00000001800155a0 f i minkowski.obj
 0001:000146f0       ??$_Partition_by_median_guess_unchecked@PEAU?$pair@U?$pair@V?$point_data@H@polygon@boost@@V123@@std@@U?$pair@HH@2@@std@@V?$less_vertex_data@U?$pair@U?$pair@V?$point_data@H@polygon@boost@@V123@@std@@U?$pair@HH@2@@std@@@?$arbitrary_boolean_op@H@polygon@boost@@@std@@YA?AU?$pair@PEAU?$pair@U?$pair@V?$point_data@H@polygon@boost@@V123@@std@@U?$pair@HH@2@@std@@PEAU12@@0@PEAU?$pair@U?$pair@V?$point_data@H@polygon@boost@@V123@@std@@U?$pair@HH@2@@0@0AEAV?$less_vertex_data@U?$pair@U?$pair@V?$point_data@H@polygon@boost@@V123@@std@@U?$pair@HH@2@@std@@@?$arbitrary_boolean_op@H@polygon@boost@@@Z 00000001800156f0 f i minkowski.obj
 0001:00014db0       ??$_Make_heap_unchecked@PEAU?$pair@U?$pair@V?$point_data@H@polygon@boost@@V123@@std@@U?$pair@HH@2@@std@@V?$less_vertex_data@U?$pair@U?$pair@V?$point_data@H@polygon@boost@@V123@@std@@U?$pair@HH@2@@std@@@?$arbitrary_boolean_op@H@polygon@boost@@@std@@YAXPEAU?$pair@U?$pair@V?$point_data@H@polygon@boost@@V123@@std@@U?$pair@HH@2@@0@0AEAV?$less_vertex_data@U?$pair@U?$pair@V?$point_data@H@polygon@boost@@V123@@std@@U?$pair@HH@2@@std@@@?$arbitrary_boolean_op@H@polygon@boost@@@Z 0000000180015db0 f i minkowski.obj
 0001:00014e90       ??$_Sort_heap_unchecked@PEAU?$pair@U?$pair@V?$point_data@H@polygon@boost@@V123@@std@@U?$pair@HH@2@@std@@V?$less_vertex_data@U?$pair@U?$pair@V?$point_data@H@polygon@boost@@V123@@std@@U?$pair@HH@2@@std@@@?$arbitrary_boolean_op@H@polygon@boost@@@std@@YAXPEAU?$pair@U?$pair@V?$point_data@H@polygon@boost@@V123@@std@@U?$pair@HH@2@@0@0AEAV?$less_vertex_data@U?$pair@U?$pair@V?$point_data@H@polygon@boost@@V123@@std@@U?$pair@HH@2@@std@@@?$arbitrary_boolean_op@H@polygon@boost@@@Z 0000000180015e90 f i minkowski.obj
 0001:00014fd0       ??$_Insertion_sort_unchecked@PEAU?$pair@U?$pair@V?$point_data@H@polygon@boost@@V123@@std@@U?$pair@HH@2@@std@@V?$less_vertex_data@U?$pair@U?$pair@V?$point_data@H@polygon@boost@@V123@@std@@U?$pair@HH@2@@std@@@?$arbitrary_boolean_op@H@polygon@boost@@@std@@YAXPEAU?$pair@U?$pair@V?$point_data@H@polygon@boost@@V123@@std@@U?$pair@HH@2@@0@0AEAV?$less_vertex_data@U?$pair@U?$pair@V?$point_data@H@polygon@boost@@V123@@std@@U?$pair@HH@2@@std@@@?$arbitrary_boolean_op@H@polygon@boost@@@Z 0000000180015fd0 f i minkowski.obj
 0001:00015210       ??$_Sort_unchecked1@PEAU?$pair@U?$pair@V?$point_data@H@polygon@boost@@V123@@std@@H@std@@_JU?$less@X@2@@std@@YAXPEAU?$pair@U?$pair@V?$point_data@H@polygon@boost@@V123@@std@@H@0@0_JAEAU?$less@X@0@@Z 0000000180016210 f i minkowski.obj
 0001:00015380       ??$_Sort_unchecked1@PEAU?$pair@U?$pair@U?$pair@V?$point_data@H@polygon@boost@@V123@@std@@H@std@@PEAVactive_tail_arbitrary@?$polygon_arbitrary_formation@H@polygon@boost@@@std@@_JVless_incoming_count@?$polygon_arbitrary_formation@H@polygon@boost@@@std@@YAXPEAU?$pair@U?$pair@U?$pair@V?$point_data@H@polygon@boost@@V123@@std@@H@std@@PEAVactive_tail_arbitrary@?$polygon_arbitrary_formation@H@polygon@boost@@@0@0_JAEAVless_incoming_count@?$polygon_arbitrary_formation@H@polygon@boost@@@Z 0000000180016380 f i minkowski.obj
 0001:00015490       ??$_Sort_unchecked1@PEAU?$pair@V?$point_data@H@polygon@boost@@H@std@@_JVless_half_edge_count@?$polygon_arbitrary_formation@H@polygon@boost@@@std@@YAXPEAU?$pair@V?$point_data@H@polygon@boost@@H@0@0_JAEAVless_half_edge_count@?$polygon_arbitrary_formation@H@polygon@boost@@@Z 0000000180016490 f i minkowski.obj
 0001:00015610       ??R?$less_vertex_data@U?$pair@U?$pair@V?$point_data@H@polygon@boost@@V123@@std@@U?$pair@HH@2@@std@@@?$arbitrary_boolean_op@H@polygon@boost@@QEBA_NAEBU?$pair@U?$pair@V?$point_data@H@polygon@boost@@V123@@std@@U?$pair@HH@2@@std@@0@Z 0000000180016610 f i minkowski.obj
 0001:00015680       ??$_Guess_median_unchecked@PEAVvertex_half_edge@?$scanline_base@H@polygon@boost@@U?$less@X@std@@@std@@YAXPEAVvertex_half_edge@?$scanline_base@H@polygon@boost@@00AEAU?$less@X@0@@Z 0000000180016680 f i minkowski.obj
 0001:00015770       ??$_Pop_heap_hole_by_index@PEAVvertex_half_edge@?$scanline_base@H@polygon@boost@@_JV1234@U?$less@X@std@@@std@@YAXPEAVvertex_half_edge@?$scanline_base@H@polygon@boost@@_J1$$QEAV1234@AEAU?$less@X@0@@Z 0000000180016770 f i minkowski.obj
 0001:000158d0       ??$_Construct@V?$_Vector_iterator@V?$_Vector_val@U?$_Simple_types@U?$pair@U?$pair@V?$point_data@H@polygon@boost@@V123@@std@@H@std@@@std@@@std@@@std@@@?$vector@U?$pair@U?$pair@V?$point_data@H@polygon@boost@@V123@@std@@H@std@@V?$allocator@U?$pair@U?$pair@V?$point_data@H@polygon@boost@@V123@@std@@H@std@@@2@@std@@QEAAXV?$_Vector_iterator@V?$_Vector_val@U?$_Simple_types@U?$pair@U?$pair@V?$point_data@H@polygon@boost@@V123@@std@@H@std@@@std@@@std@@@1@0Uforward_iterator_tag@1@@Z 00000001800168d0 f i minkowski.obj
 0001:000159b0       ??$_Distance1@V?$_Tree_const_iterator@V?$_Tree_val@U?$_Tree_simple_types@V?$point_data@H@polygon@boost@@@std@@@std@@@std@@@std@@YA_JV?$_Tree_const_iterator@V?$_Tree_val@U?$_Tree_simple_types@V?$point_data@H@polygon@boost@@@std@@@std@@@0@0Uinput_iterator_tag@0@@Z 00000001800169b0 f i minkowski.obj
 0001:00015a30       ??$_Guess_median_unchecked@PEAU?$pair@U?$pair@V?$point_data@H@polygon@boost@@V123@@std@@U?$pair@HH@2@@std@@V?$less_vertex_data@U?$pair@U?$pair@V?$point_data@H@polygon@boost@@V123@@std@@U?$pair@HH@2@@std@@@?$arbitrary_boolean_op@H@polygon@boost@@@std@@YAXPEAU?$pair@U?$pair@V?$point_data@H@polygon@boost@@V123@@std@@U?$pair@HH@2@@0@00AEAV?$less_vertex_data@U?$pair@U?$pair@V?$point_data@H@polygon@boost@@V123@@std@@U?$pair@HH@2@@std@@@?$arbitrary_boolean_op@H@polygon@boost@@@Z 0000000180016a30 f i minkowski.obj
[...]
 0004:00001fa4       $pdata$??$copy_and_add_argument_to_buffer@D@@YAHQEBD0_KAEAV?$argument_list@D@?A0xca0879c4@@@Z 0000000180036fa4     libucrt:argv_wildcards.obj
 0004:00001fb0       $pdata$??$expand_argument_wildcards@D@@YAHQEAD0AEAV?$argument_list@D@?A0xca0879c4@@@Z 0000000180036fb0     libucrt:argv_wildcards.obj
 0004:00001fbc       $pdata$?expand_if_necessary@?$argument_list@D@?A0xca0879c4@@AEAAHXZ 0000000180036fbc     libucrt:argv_wildcards.obj
 0004:00001fc8       $pdata$??$?RV<lambda_99476a1ad63dd22509b5d3e65b0ffc95>@@AEAV<lambda_ad1ced32f4ac17aa236e5ef05d6b3b7c>@@V<lambda_f7424dd8d45958661754dc4f2697e9c3>@@@?$__crt_seh_guarded_call@X@@QEAAX$$QEAV<lambda_99476a1ad63dd22509b5d3e65b0ffc95>@@AEAV<lambda_ad1ced32f4ac17aa236e5ef05d6b3b7c>@@$$QEAV<lambda_f7424dd8d45958661754dc4f2697e9c3>@@@Z 0000000180036fc8     libucrt:mbctype.obj
 0004:00001fd4       $pdata$??R<lambda_ad1ced32f4ac17aa236e5ef05d6b3b7c>@@QEBAXXZ 0000000180036fd4     libucrt:mbctype.obj
 0004:00001fe0       $pdata$?getSystemCP@@YAHH@Z 0000000180036fe0     libucrt:mbctype.obj
 0004:00001fec       $pdata$?setSBCS@@YAXPEAU__crt_multibyte_data@@@Z 0000000180036fec     libucrt:mbctype.obj
 0004:00001ff8       $pdata$?setSBUpLow@@YAXPEAU__crt_multibyte_data@@@Z 0000000180036ff8     libucrt:mbctype.obj
 0004:00002004       $pdata$?setmbcp_internal@@YAHH_N@Z 0000000180037004     libucrt:mbctype.obj
 0004:00002010       $pdata$__acrt_initialize_multibyte 0000000180037010     libucrt:mbctype.obj
 0004:0000201c       $pdata$__acrt_update_thread_multibyte_data 000000018003701c     libucrt:mbctype.obj
 0004:00002028       $pdata$_setmbcp_nolock     0000000180037028     libucrt:mbctype.obj
 0004:00002034       $pdata$?x_ismbbtype_l@@YAHPEAU__crt_locale_pointers@@IHH@Z 0000000180037034     libucrt:ismbbyte.obj
 0004:00002040       $pdata$__acrt_initialize_command_line 0000000180037040     libucrt:argv_data.obj
 0004:0000204c       $pdata$__dcrt_get_narrow_environment_from_os 000000018003704c     libucrt:get_environment_from_os.obj
 0004:00002058       $pdata$_recalloc_base      0000000180037058     libucrt:recalloc.obj
 0004:00002064       $pdata$__acrt_initialize_heap 0000000180037064     libucrt:heap_handle.obj
 0004:00002070       $pdata$?initialize_inherited_file_handles_nolock@@YAXXZ 0000000180037070     libucrt:ioinit.obj
 0004:0000207c       $pdata$?initialize_stdio_handles_nolock@@YAXXZ 000000018003707c     libucrt:ioinit.obj
 0004:00002088       $pdata$__acrt_initialize_lowio 0000000180037088     libucrt:ioinit.obj
 0004:00002094       $pdata$__acrt_uninitialize_lowio 0000000180037094     libucrt:ioinit.obj
 0004:000020a0       $pdata$__acrt_execute_initializers 00000001800370a0     libucrt:shared_initialization.obj
 0004:000020ac       $pdata$__acrt_execute_uninitializers 00000001800370ac     libucrt:shared_initialization.obj
 0004:000020b8       $pdata$??$?RV<lambda_c36588078e9f5dfd39652860aa6b3aaf>@@AEAV<lambda_ec61778202f4f5fc7e7711acc23c3bca>@@V<lambda_dc9d2797ccde5d239b4a0efae8ebd7db>@@@?$__crt_seh_guarded_call@P6AXH@Z@@QEAAP6AXH@Z$$QEAV<lambda_c36588078e9f5dfd39652860aa6b3aaf>@@AEAV<lambda_ec61778202f4f5fc7e7711acc23c3bca>@@$$QEAV<lambda_dc9d2797ccde5d239b4a0efae8ebd7db>@@@Z 00000001800370b8     libucrt:signal.obj
 0004:000020c4       $pdata$__acrt_get_sigabrt_handler 00000001800370c4     libucrt:signal.obj
 0004:000020d0       $pdata$raise               00000001800370d0     libucrt:signal.obj
 0004:000020dc       $pdata$__acrt_invoke_user_matherr 00000001800370dc     libucrt:matherr.obj
 0004:000020e8       $pdata$_mbtowc_l           00000001800370e8     libucrt:mbtowc.obj
 0004:000020f4       $pdata$_fileno             00000001800370f4     libucrt:fileno.obj
 0004:00002100       $pdata$__acrt_initialize_stdio 0000000180037100     libucrt:_file.obj
 0004:0000210c       $pdata$__acrt_uninitialize_stdio 000000018003710c     libucrt:_file.obj
 0004:00002118       $pdata$__pctype_func       0000000180037118     libucrt:ctype.obj
 0004:00002124       $pdata$__acrt_free_locale  0000000180037124     libucrt:locale_refcounting.obj
 0004:00002130       $pdata$__acrt_locale_free_lc_time_if_unreferenced 0000000180037130     libucrt:locale_refcounting.obj
 0004:0000213c       $pdata$__acrt_release_locale_ref 000000018003713c     libucrt:locale_refcounting.obj
 0004:00002148       $pdata$__acrt_update_thread_locale_data 0000000180037148     libucrt:locale_refcounting.obj
 0004:00002154       $pdata$_updatetlocinfoEx_nolock 0000000180037154     libucrt:locale_refcounting.obj
 0004:00002160       $pdata$_isleadbyte_l       0000000180037160     libucrt:_wctype.obj
 0004:0000216c       $pdata$?__acrt_LCMapStringA_stat@@YAHPEAU__crt_locale_pointers@@PEB_WKPEBDHPEADHHH@Z 000000018003716c     libucrt:lcmapstringa.obj
 0004:00002178       $pdata$__acrt_LCMapStringA 0000000180037178     libucrt:lcmapstringa.obj
 0004:00002184       $pdata$__acrt_locale_free_monetary 0000000180037184     libucrt:initmon.obj
 0004:00002190       $pdata$__acrt_locale_free_numeric 0000000180037190     libucrt:initnum.obj
 0004:0000219c       $pdata$?free_crt_array_internal@@YAXQEAPEBX_K@Z 000000018003719c     libucrt:inittime.obj
 0004:000021a8       $pdata$__acrt_locale_free_time 00000001800371a8     libucrt:inittime.obj
 0004:000021b4       $pdata$__acrt_GetStringTypeA 00000001800371b4     libucrt:getstringtypea.obj
 0004:000021c0       $pdata$?GetTableIndexFromLocaleName@@YAHPEB_W@Z 00000001800371c0     libucrt:lcidtoname_downlevel.obj
 0004:000021cc       $pdata$__acrt_DownlevelLocaleNameToLCID 00000001800371cc     libucrt:lcidtoname_downlevel.obj
 0004:000021d8       $pdata$?shortsort@@YAXPEAD0_KP6AHPEBX2@Z@Z 00000001800371d8     libucrt:qsort.obj
 0004:000021e4       $pdata$2$?shortsort@@YAXPEAD0_KP6AHPEBX2@Z@Z 00000001800371e4     libucrt:qsort.obj
 0004:000021f0       $pdata$3$?shortsort@@YAXPEAD0_KP6AHPEBX2@Z@Z 00000001800371f0     libucrt:qsort.obj
 0004:000021fc       $pdata$qsort               00000001800371fc     libucrt:qsort.obj
 0004:00002208       $pdata$4$qsort             0000000180037208     libucrt:qsort.obj
 0004:00002214       $pdata$5$qsort             0000000180037214     libucrt:qsort.obj
 0004:00002220       $pdata$strncpy_s           0000000180037220     libucrt:strncpy_s.obj
 0004:0000222c       $pdata$strpbrk             000000018003722c     libucrt:strpbrk.obj
 0004:00002238       $pdata$_mbsdec_l           0000000180037238     libucrt:mbsdec.obj
 0004:00002244       $pdata$?initialize_multibyte@@YAHXZ 0000000180037244     libucrt:multibyte_initializer.obj
 0004:00002250       $pdata$_msize              0000000180037250     libucrt:msize.obj
 0004:0000225c       $pdata$_realloc_base       000000018003725c     libucrt:realloc_base.obj
 0004:00002268       $pdata$__acrt_lowio_create_handle_array 0000000180037268     libucrt:osfinfo.obj
 0004:00002274       $pdata$__acrt_lowio_destroy_handle_array 0000000180037274     libucrt:osfinfo.obj
 0004:00002280       $pdata$__acrt_lowio_ensure_fh_exists 0000000180037280     libucrt:osfinfo.obj
 0004:0000228c       $pdata$_free_osfhnd        000000018003728c     libucrt:osfinfo.obj
 0004:00002298       $pdata$_get_osfhandle      0000000180037298     libucrt:osfinfo.obj
 0004:000022a4       $pdata$_isatty             00000001800372a4     libucrt:isatty.obj
 0004:000022b0       $pdata$__acrt_stdio_flush_nolock 00000001800372b0     libucrt:fflush.obj
 0004:000022bc       $pdata$_fflush_nolock      00000001800372bc     libucrt:fflush.obj
 0004:000022c8       $pdata$common_flush_all    00000001800372c8     libucrt:fflush.obj
 0004:000022d4       $pdata$_fcloseall          00000001800372d4     libucrt:closeall.obj
 0004:000022e0       $pdata$__acrt_stdio_free_buffer_nolock 00000001800372e0     libucrt:_freebuf.obj
 0004:000022ec       $pdata$??$?RV<lambda_b521505b218e5242e90febf6bfebc422>@@AEAV<lambda_6978c1fb23f02e42e1d9e99668cc68aa>@@V<lambda_314360699dd331753a4119843814e9a7>@@@?$__crt_seh_guarded_call@H@@QEAAH$$QEAV<lambda_b521505b218e5242e90febf6bfebc422>@@AEAV<lambda_6978c1fb23f02e42e1d9e99668cc68aa>@@$$QEAV<lambda_314360699dd331753a4119843814e9a7>@@@Z 00000001800372ec     libucrt:commit.obj
 0004:000022f8       $pdata$_commit             00000001800372f8     libucrt:commit.obj
 0004:00002304       $pdata$?write_double_translated_ansi_nolock@@YA?AUwrite_result@?A0x9c548279@@HQEBDI@Z 0000000180037304     libucrt:write.obj
 0004:00002310       $pdata$?write_text_ansi_nolock@@YA?AUwrite_result@?A0x9c548279@@HQEBDI@Z 0000000180037310     libucrt:write.obj
 0004:0000231c       $pdata$?write_text_utf16le_nolock@@YA?AUwrite_result@?A0x9c548279@@HQEBDI@Z 000000018003731c     libucrt:write.obj
 0004:00002328       $pdata$?write_text_utf8_nolock@@YA?AUwrite_result@?A0x9c548279@@HQEBDI@Z 0000000180037328     libucrt:write.obj
 0004:00002334       $pdata$_write              0000000180037334     libucrt:write.obj
 0004:00002340       $pdata$_write_nolock       0000000180037340     libucrt:write.obj
 0004:00002358       $pdata$??$common_lseek_nolock@_J@@YA_JH_JH@Z 0000000180037358     libucrt:lseek.obj
 0004:00002364       $pdata$_fclose_nolock      0000000180037364     libucrt:fclose.obj
 0004:00002370       $pdata$fclose              0000000180037370     libucrt:fclose.obj
 0004:0000237c       $pdata$_putwch_nolock      000000018003737c     libucrt:putwch.obj
 0004:00002388       $pdata$_call_matherr       0000000180037388     libucrt:libm_error.obj
 0004:00002394       $pdata$_exception_enabled  0000000180037394     libucrt:libm_error.obj
 0004:000023a0       $pdata$_handle_error       00000001800373a0     libucrt:libm_error.obj
 0004:000023ac       $pdata$__acrt_initialize_fma3 00000001800373ac     libucrt:fma3_available.obj
 0004:000023b8       $pdata$_log10_special      00000001800373b8     libucrt:log_special.obj
 0004:000023c4       $pdata$_log_special_common 00000001800373c4     libucrt:log_special.obj
 0004:000023d0       $pdata$??$?RV<lambda_bfedae4ebbf01fab1bb6dcc6a9e276e0>@@AEAV<lambda_2fe9b910cf3cbf4a0ab98a02ba45b3ec>@@V<lambda_237c231691f317818eb88cc1d5d642d6>@@@?$__crt_seh_guarded_call@H@@QEAAH$$QEAV<lambda_bfedae4ebbf01fab1bb6dcc6a9e276e0>@@AEAV<lambda_2fe9b910cf3cbf4a0ab98a02ba45b3ec>@@$$QEAV<lambda_237c231691f317818eb88cc1d5d642d6>@@@Z 00000001800373d0     libucrt:close.obj
 0004:000023dc       $pdata$_close              00000001800373dc     libucrt:close.obj
 0004:000023e8       $pdata$_close_nolock       00000001800373e8     libucrt:close.obj
 0004:000023f4       $pdata$__dcrt_lowio_initialize_console_output 00000001800373f4     libucrt:initcon.obj
 0004:00002400       $pdata$__dcrt_terminate_console_output 0000000180037400     libucrt:initcon.obj
 0004:00002418       $pdata$_raise_exc          0000000180037418     libucrt:fpexcept.obj
 0004:00002424       $pdata$_raise_exc_ex       0000000180037424     libucrt:fpexcept.obj
 0004:00002430       $pdata$_set_errno_from_matherr 0000000180037430     libucrt:fpexcept.obj
 0004:0000243c       $pdata$_clrfp              000000018003743c     libucrt:fpctrl.obj
 0004:00002448       $pdata$_ctrlfp             0000000180037448     libucrt:fpctrl.obj
 0004:00002454       $pdata$_set_statfp         0000000180037454     libucrt:fpctrl.obj
 0004:00002460       $pdata$_statfp             0000000180037460     libucrt:fpctrl.obj
 0004:0000246c       $pdata$_IsNonwritableInCurrentImage 000000018003746c     LIBCMT:pesect.obj
 0004:00002478       $pdata$__GSHandlerCheck    0000000180037478     LIBCMT:_gshandler_.obj
 0004:00002484       $pdata$__GSHandlerCheckCommon 0000000180037484     LIBCMT:_gshandler_.obj
 0004:000024b4       $pdata$?fin$0@?0??dllmain_crt_process_attach@@YAHQEAUHINSTANCE__@@QEAX@Z@4HA 00000001800374b4     LIBCMT:dll_dllmain.obj
 0004:000024c0       $pdata$?fin$0@?0??dllmain_crt_process_detach@@YAH_N@Z@4HA 00000001800374c0     LIBCMT:dll_dllmain.obj
 0004:000024cc       $pdata$?filt$0@?0??dllmain_dispatch@@YAHQEAUHINSTANCE__@@KQEAX@Z@4HA 00000001800374cc     LIBCMT:dll_dllmain.obj
 0004:000024d8       $pdata$__scrt_is_nonwritable_in_current_image$filt$0 00000001800374d8     LIBCMT:utility.obj
 0004:000024e4       $pdata$_query_new_handler$fin$0 00000001800374e4     libucrt:new_handler.obj
 0004:000024f0       $pdata$?filt$0@?0??common_exit@@YAXHW4_crt_exit_cleanup_mode@@W4_crt_exit_return_mode@@@Z@4HA 00000001800374f0     libucrt:exit.obj
 0004:000024fc       $pdata$?fin$1@?0??common_exit@@YAXHW4_crt_exit_cleanup_mode@@W4_crt_exit_return_mode@@@Z@4HA 00000001800374fc     libucrt:exit.obj
 0004:00002508       $pdata$?fin$0@?0???$?RV<lambda_e24bbb7b643b32fcea6fa61b31d4c984>@@AEAV<lambda_275893d493268fdec8709772e3fcec0e>@@V<lambda_9d71df4d7cf3f480f8d633942495c3b0>@@@?$__crt_seh_guarded_call@H@@QEAAH$$QEAV<lambda_e24bbb7b643b32fcea6fa61b31d4c984>@@AEAV<lambda_275893d493268fdec8709772e3fcec0e>@@$$QEAV<lambda_9d71df4d7cf3f480f8d633942495c3b0>@@@Z@4HA 0000000180037508     libucrt:onexit.obj
 0004:00002514       $pdata$?fin$0@?0???$?RV<lambda_72d1df2b273a38828b1ce30cbf4cdab5>@@AEAV<lambda_876a65b173b8412d3a47c70a915b0cf4>@@V<lambda_41932305e351933ebe8f8be3ed8bb5dc>@@@?$__crt_seh_guarded_call@X@@QEAAX$$QEAV<lambda_72d1df2b273a38828b1ce30cbf4cdab5>@@AEAV<lambda_876a65b173b8412d3a47c70a915b0cf4>@@$$QEAV<lambda_41932305e351933ebe8f8be3ed8bb5dc>@@@Z@4HA 0000000180037514     libucrt:per_thread_data.obj
 0004:00002514       $pdata$?fin$0@?0???$?RV<lambda_b8c45f8f788dd370798f47cfe8ac3a86>@@AEAV<lambda_4e60a939b0d047cfe11ddc22648dfba9>@@V<lambda_332c3edc96d0294ec56c57d38c1cdfd5>@@@?$__crt_seh_guarded_call@H@@QEAAH$$QEAV<lambda_b8c45f8f788dd370798f47cfe8ac3a86>@@AEAV<lambda_4e60a939b0d047cfe11ddc22648dfba9>@@$$QEAV<lambda_332c3edc96d0294ec56c57d38c1cdfd5>@@@Z@4HA 0000000180037514     libucrt:onexit.obj
 0004:00002514       $pdata$?fin$0@?0???$?RV<lambda_fb3a7dec4e47f37f22dae91bb15c9095>@@AEAV<lambda_698284760c8add0bfb0756c19673e34b>@@V<lambda_dfb8eca1e75fef3034a8fb18dd509707>@@@?$__crt_seh_guarded_call@X@@QEAAX$$QEAV<lambda_fb3a7dec4e47f37f22dae91bb15c9095>@@AEAV<lambda_698284760c8add0bfb0756c19673e34b>@@$$QEAV<lambda_dfb8eca1e75fef3034a8fb18dd509707>@@@Z@4HA 0000000180037514     libucrt:per_thread_data.obj
 0004:00002514       $pdata$?fin$0@?0???$?RV<lambda_99476a1ad63dd22509b5d3e65b0ffc95>@@AEAV<lambda_ad1ced32f4ac17aa236e5ef05d6b3b7c>@@V<lambda_f7424dd8d45958661754dc4f2697e9c3>@@@?$__crt_seh_guarded_call@X@@QEAAX$$QEAV<lambda_99476a1ad63dd22509b5d3e65b0ffc95>@@AEAV<lambda_ad1ced32f4ac17aa236e5ef05d6b3b7c>@@$$QEAV<lambda_f7424dd8d45958661754dc4f2697e9c3>@@@Z@4HA 0000000180037514     libucrt:mbctype.obj
 0004:00002514       $pdata$?fin$0@?0???$?RV<lambda_5e887d1dcbef67a5eb4283622ba103bf>@@AEAV<lambda_4466841279450cc726390878d4a41900>@@V<lambda_341c25c0346d94847f1f3c463c57e077>@@@?$__crt_seh_guarded_call@X@@QEAAX$$QEAV<lambda_5e887d1dcbef67a5eb4283622ba103bf>@@AEAV<lambda_4466841279450cc726390878d4a41900>@@$$QEAV<lambda_341c25c0346d94847f1f3c463c57e077>@@@Z@4HA 0000000180037514     libucrt:per_thread_data.obj
 0004:00002514       $pdata$?fin$0@?0???$?RV<lambda_c36588078e9f5dfd39652860aa6b3aaf>@@AEAV<lambda_ec61778202f4f5fc7e7711acc23c3bca>@@V<lambda_dc9d2797ccde5d239b4a0efae8ebd7db>@@@?$__crt_seh_guarded_call@P6AXH@Z@@QEAAP6AXH@Z$$QEAV<lambda_c36588078e9f5dfd39652860aa6b3aaf>@@AEAV<lambda_ec61778202f4f5fc7e7711acc23c3bca>@@$$QEAV<lambda_dc9d2797ccde5d239b4a0efae8ebd7db>@@@Z@4HA 0000000180037514     libucrt:signal.obj
 0004:00002514       $pdata$?fin$0@?0???$?RV<lambda_46352004c1216016012b18bd6f87e700>@@AEAV<lambda_3bd07e1a1191394380780325891bf33f>@@V<lambda_334532d3f185bcaa59b5be82d7d22bff>@@@?$__crt_seh_guarded_call@X@@QEAAX$$QEAV<lambda_46352004c1216016012b18bd6f87e700>@@AEAV<lambda_3bd07e1a1191394380780325891bf33f>@@$$QEAV<lambda_334532d3f185bcaa59b5be82d7d22bff>@@@Z@4HA 0000000180037514     libucrt:per_thread_data.obj
 0004:00002520       $pdata$__acrt_update_thread_multibyte_data$fin$0 0000000180037520     libucrt:mbctype.obj
 0004:0000252c       $pdata$raise$fin$0         000000018003752c     libucrt:signal.obj
 0004:00002538       $pdata$__acrt_update_thread_locale_data$fin$0 0000000180037538     libucrt:locale_refcounting.obj
 0004:00002538       $pdata$__acrt_uninitialize_locale$fin$0 0000000180037538     libucrt:wsetlocale.obj
 0004:00002544       $pdata$__acrt_lowio_ensure_fh_exists$fin$0 0000000180037544     libucrt:osfinfo.obj
 0004:00002544       $pdata$__acrt_initialize_lowio$fin$0 0000000180037544     libucrt:ioinit.obj
 0004:00002550       $pdata$common_flush_all$fin$0 0000000180037550     libucrt:fflush.obj
 0004:0000255c       $pdata$common_flush_all$fin$1 000000018003755c     libucrt:fflush.obj
 0004:00002568       $pdata$_fcloseall$fin$0    0000000180037568     libucrt:closeall.obj
 0004:00002574       $pdata$?fin$0@?0???$?RV<lambda_b521505b218e5242e90febf6bfebc422>@@AEAV<lambda_6978c1fb23f02e42e1d9e99668cc68aa>@@V<lambda_314360699dd331753a4119843814e9a7>@@@?$__crt_seh_guarded_call@H@@QEAAH$$QEAV<lambda_b521505b218e5242e90febf6bfebc422>@@AEAV<lambda_6978c1fb23f02e42e1d9e99668cc68aa>@@$$QEAV<lambda_314360699dd331753a4119843814e9a7>@@@Z@4HA 0000000180037574     libucrt:commit.obj
 0004:00002574       $pdata$?fin$0@?0???$?RV<lambda_bfedae4ebbf01fab1bb6dcc6a9e276e0>@@AEAV<lambda_2fe9b910cf3cbf4a0ab98a02ba45b3ec>@@V<lambda_237c231691f317818eb88cc1d5d642d6>@@@?$__crt_seh_guarded_call@H@@QEAAH$$QEAV<lambda_bfedae4ebbf01fab1bb6dcc6a9e276e0>@@AEAV<lambda_2fe9b910cf3cbf4a0ab98a02ba45b3ec>@@$$QEAV<lambda_237c231691f317818eb88cc1d5d642d6>@@@Z@4HA 0000000180037574     libucrt:close.obj
 0004:00002580       $pdata$_write$fin$0        0000000180037580     libucrt:write.obj
 0004:0000258c       $pdata$fclose$fin$0        000000018003758c     libucrt:fclose.obj
 0004:00002598       $pdata$_ctrlfp$filt$0      0000000180037598     libucrt:fpctrl.obj
 0004:000025a4       $pdata$_IsNonwritableInCurrentImage$filt$0 00000001800375a4     LIBCMT:pesect.obj
 0005:00000000       __guard_fids__             0000000180038000     libucrt:initialization.obj
 0005:00000060       __guard_fids___acrt_initialize_ptd 0000000180038060     libucrt:per_thread_data.obj
 0005:00000064       __guard_fids_??$expand_argument_wildcards@D@@YAHQEAD0AEAV?$argument_list@D@?A0xca0879c4@@@Z 0000000180038064     libucrt:argv_wildcards.obj
 0005:00000068       __guard_fids__             0000000180038068     libucrt:locale_initializer.obj
 0005:0000006c       __guard_fids__             000000018003806c     libucrt:multibyte_initializer.obj
 0005:00000070       __guard_fids__             0000000180038070     libucrt:stdio_initializer.obj
 0005:00000074       __guard_fids__             0000000180038074     libucrt:stdio_initializer.obj
 0005:00000078       __guard_fids__             0000000180038078     libucrt:fma3_initializer.obj
 0005:0000007c       __guard_fids__             000000018003807c     libucrt:console_output_initializer.obj
 0005:00000080       __guard_fids__             0000000180038080     libcpmt:xthrow.obj
 0005:00000088       __guard_fids__             0000000180038088     libcpmt:xthrow.obj
 0005:00000090       __guard_fids__             0000000180038090     libcpmt:xthrow.obj
 0005:00000098       __guard_fids__             0000000180038098     libcpmt:xthrow.obj
 0005:000000a0       __guard_fids_?dllmain_crt_process_attach@@YAHQEAUHINSTANCE__@@QEAX@Z 00000001800380a0     LIBCMT:dll_dllmain.obj
 0005:000000a8       __guard_fids_?dllmain_dispatch@@YAHQEAUHINSTANCE__@@KQEAX@Z 00000001800380a8     LIBCMT:dll_dllmain.obj
 0005:000000ac       __guard_fids__             00000001800380ac     LIBCMT:std_type_info_static.obj
 0005:000000b0       __guard_fids__             00000001800380b0     LIBCMT:throw_bad_alloc.obj
 0005:000000b8       __guard_fids__             00000001800380b8     LIBCMT:guard_support.obj
 0005:000000bc       __guard_fids___vcrt_initialize_ptd 00000001800380bc     libvcruntime:per_thread_data.obj
 0006:00000060       $R000000                   0000000180039060     * linker generated manifest res *

 Exports

  ordinal    name

        1    _register_addon_
